Netgen 1.5.318 compiled on Thu Apr 16 09:02:45 PM CEST 2026
Warning: netgen command 'format' use fully-qualified name '::netgen::format'
Warning: netgen command 'global' use fully-qualified name '::netgen::global'
Reading netlist file /foss/designs/B04_comparator.ext.spc for /foss/designs/B04_comparator.ext.spc B04_comparator
Call to undefined subcircuit nfet_03v3
Creating placeholder cell definition.
Call to undefined subcircuit pfet_03v3
Creating placeholder cell definition.
Reading netlist file /foss/designs/B04_comparator.sch.spc for /foss/designs/B04_comparator.sch.spc B04_comparator
Call to undefined subcircuit nfet_03v3
Creating placeholder cell definition.
Call to undefined subcircuit pfet_03v3
Creating placeholder cell definition.

Reading setup file /foss/pdks/gf180mcuD/libs.tech/netgen/gf180mcuD_setup.tcl

Model nfet_03v3 pin 1 == 3
No property par1 found for device nfet_03v3
No property NRD found for device nfet_03v3
No property NRS found for device nfet_03v3
No property par found for device nfet_03v3
No property sa found for device nfet_03v3
No property sb found for device nfet_03v3
No property sd found for device nfet_03v3
No property par found for device nfet_03v3
No property dtemp found for device nfet_03v3
No property nf found for device nfet_03v3
No property $D found for device nfet_03v3
No property $X found for device nfet_03v3
No property $Y found for device nfet_03v3
Model nfet_03v3 pin 1 == 3
No property par1 found for device nfet_03v3
No property par found for device nfet_03v3
No property par found for device nfet_03v3
No property dtemp found for device nfet_03v3
No property $D found for device nfet_03v3
No property $X found for device nfet_03v3
No property $Y found for device nfet_03v3
Model pfet_03v3 pin 1 == 3
No property par1 found for device pfet_03v3
No property NRD found for device pfet_03v3
No property NRS found for device pfet_03v3
No property par found for device pfet_03v3
No property sa found for device pfet_03v3
No property sb found for device pfet_03v3
No property sd found for device pfet_03v3
No property par found for device pfet_03v3
No property dtemp found for device pfet_03v3
No property nf found for device pfet_03v3
No property $D found for device pfet_03v3
No property $X found for device pfet_03v3
No property $Y found for device pfet_03v3
Model pfet_03v3 pin 1 == 3
No property par1 found for device pfet_03v3
No property par found for device pfet_03v3
No property par found for device pfet_03v3
No property dtemp found for device pfet_03v3
No property $D found for device pfet_03v3
No property $X found for device pfet_03v3
No property $Y found for device pfet_03v3
Comparison output logged to file /foss/designs/B04_comparator.lvs.out
Logging to file "/foss/designs/B04_comparator.lvs.out" enabled
Circuit nfet_03v3 contains no devices.
Circuit pfet_03v3 contains no devices.

Contents of circuit 1:  Circuit: 'B04_comparator'
Circuit B04_comparator contains 12 device instances.
  Class: nfet_03v3             instances:   6
  Class: pfet_03v3             instances:   6
Circuit contains 10 nets.
Contents of circuit 2:  Circuit: 'B04_comparator'
Circuit B04_comparator contains 12 device instances.
  Class: nfet_03v3             instances:   6
  Class: pfet_03v3             instances:   6
Circuit contains 10 nets.

Circuit 1 contains 12 devices, Circuit 2 contains 12 devices.
Circuit 1 contains 10 nets,    Circuit 2 contains 10 nets.


Final result: 
Circuits match uniquely.
.
Logging to file "/foss/designs/B04_comparator.lvs.out" disabled
LVS Done.
