
Cell nfet_03v3 (1) disconnected node: drain
Cell nfet_03v3 (1) disconnected node: gate
Cell nfet_03v3 (1) disconnected node: source
Cell nfet_03v3 (1) disconnected node: bulk
Warning: Equate pins:  cell nfet_03v3 is a placeholder, treated as a black box.

Subcircuit pins:
Circuit 1: nfet_03v3                       |Circuit 2: nfet_03v3                       
-------------------------------------------|-------------------------------------------
(no matching pin)                          |drain                                      
(no matching pin)                          |drain                                      
(no matching pin)                          |gate                                       
(no matching pin)                          |gate                                       
(no matching pin)                          |source                                     
(no matching pin)                          |source                                     
(no matching pin)                          |bulk                                       
(no matching pin)                          |bulk                                       
1                                          |(no matching pin)                          
2                                          |(no matching pin)                          
3                                          |(no matching pin)                          
4                                          |(no matching pin)                          
---------------------------------------------------------------------------------------
Cell pin lists are equivalent.
Device classes nfet_03v3 and nfet_03v3 are equivalent.

Cell pfet_03v3 (1) disconnected node: drain
Cell pfet_03v3 (1) disconnected node: gate
Cell pfet_03v3 (1) disconnected node: source
Cell pfet_03v3 (1) disconnected node: bulk
Warning: Equate pins:  cell pfet_03v3 is a placeholder, treated as a black box.

Subcircuit pins:
Circuit 1: pfet_03v3                       |Circuit 2: pfet_03v3                       
-------------------------------------------|-------------------------------------------
(no matching pin)                          |drain                                      
(no matching pin)                          |drain                                      
(no matching pin)                          |gate                                       
(no matching pin)                          |gate                                       
(no matching pin)                          |source                                     
(no matching pin)                          |source                                     
(no matching pin)                          |bulk                                       
(no matching pin)                          |bulk                                       
1                                          |(no matching pin)                          
2                                          |(no matching pin)                          
3                                          |(no matching pin)                          
4                                          |(no matching pin)                          
---------------------------------------------------------------------------------------
Cell pin lists are equivalent.
Device classes pfet_03v3 and pfet_03v3 are equivalent.
Flattening unmatched subcell nfet_03v3_6AMVAX in circuit B04_diff_amp (0)(2 instances)
Flattening unmatched subcell nfet_03v3_TTHT8G in circuit B04_diff_amp (0)(1 instance)
Flattening unmatched subcell pfet_03v3_SAK7G2 in circuit B04_diff_amp (0)(2 instances)

Subcircuit summary:
Circuit 1: B04_diff_amp                    |Circuit 2: B04_diff_pair_sch               
-------------------------------------------|-------------------------------------------
nfet_03v3 (3)                              |nfet_03v3 (3)                              
pfet_03v3 (2)                              |pfet_03v3 (2)                              
Number of devices: 5                       |Number of devices: 5                       
Number of nets: 28                         |Number of nets: 28                         
---------------------------------------------------------------------------------------
NET mismatches: Class fragments follow (with fanout counts):
Circuit 1: B04_diff_amp                    |Circuit 2: B04_diff_pair_sch               

---------------------------------------------------------------------------------------
Net: Vo                                    |Net: Vo                                    
  nfet_03v3/(1|3) = 1                      |  nfet_03v3/(drain|source) = 1             
  pfet_03v3/(1|3) = 1                      |  pfet_03v3/(drain|source) = 1             
---------------------------------------------------------------------------------------

---------------------------------------------------------------------------------------
Net: pfet_03v3_SAK7G2:XM5/dummy_8          |Net: dummy_28                              
  pfet_03v3/proxybulk = 1                  |  pfet_03v3/proxy4 = 1                     
                                           |                                           
Net: pfet_03v3_SAK7G2:XM5/dummy_7          |Net: dummy_27                              
  pfet_03v3/proxysource = 1                |  pfet_03v3/proxy3 = 1                     
                                           |                                           
Net: pfet_03v3_SAK7G2:XM5/dummy_6          |Net: dummy_26                              
  pfet_03v3/proxygate = 1                  |  pfet_03v3/proxy2 = 1                     
                                           |                                           
Net: pfet_03v3_SAK7G2:XM5/dummy_5          |Net: dummy_25                              
  pfet_03v3/proxydrain = 1                 |  pfet_03v3/proxy1 = 1                     
                                           |                                           
Net: pfet_03v3_SAK7G2:XM4/dummy_8          |Net: dummy_24                              
  pfet_03v3/proxybulk = 1                  |  pfet_03v3/proxy4 = 1                     
                                           |                                           
Net: pfet_03v3_SAK7G2:XM4/dummy_7          |Net: dummy_23                              
  pfet_03v3/proxysource = 1                |  pfet_03v3/proxy3 = 1                     
                                           |                                           
Net: pfet_03v3_SAK7G2:XM4/dummy_6          |Net: dummy_22                              
  pfet_03v3/proxygate = 1                  |  pfet_03v3/proxy2 = 1                     
                                           |                                           
Net: pfet_03v3_SAK7G2:XM4/dummy_5          |Net: dummy_21                              
  pfet_03v3/proxydrain = 1                 |  pfet_03v3/proxy1 = 1                     
                                           |                                           
Net: nfet_03v3_TTHT8G:XM2/dummy_8          |Net: dummy_20                              
  nfet_03v3/proxybulk = 1                  |  nfet_03v3/proxy4 = 1                     
                                           |                                           
Net: nfet_03v3_6AMVAX:XM1/dummy_8          |Net: dummy_19                              
  nfet_03v3/proxybulk = 1                  |  nfet_03v3/proxy3 = 1                     
                                           |                                           
Net: nfet_03v3_TTHT8G:XM2/dummy_7          |Net: dummy_18                              
  nfet_03v3/proxysource = 1                |  nfet_03v3/proxy2 = 1                     
                                           |                                           
Net: nfet_03v3_6AMVAX:XM1/dummy_7          |Net: dummy_17                              
  nfet_03v3/proxysource = 1                |  nfet_03v3/proxy1 = 1                     
                                           |                                           
Net: nfet_03v3_TTHT8G:XM2/dummy_6          |Net: dummy_16                              
  nfet_03v3/proxygate = 1                  |  nfet_03v3/proxy4 = 1                     
                                           |                                           
Net: nfet_03v3_6AMVAX:XM1/dummy_6          |Net: dummy_12                              
  nfet_03v3/proxygate = 1                  |  nfet_03v3/proxy4 = 1                     
                                           |                                           
Net: nfet_03v3_TTHT8G:XM2/dummy_5          |Net: dummy_15                              
  nfet_03v3/proxydrain = 1                 |  nfet_03v3/proxy3 = 1                     
                                           |                                           
Net: nfet_03v3_6AMVAX:XM1/dummy_5          |Net: dummy_11                              
  nfet_03v3/proxydrain = 1                 |  nfet_03v3/proxy3 = 1                     
                                           |                                           
Net: nfet_03v3_6AMVAX:XM3/dummy_8          |Net: dummy_14                              
  nfet_03v3/proxybulk = 1                  |  nfet_03v3/proxy2 = 1                     
                                           |                                           
Net: nfet_03v3_6AMVAX:XM3/dummy_7          |Net: dummy_10                              
  nfet_03v3/proxysource = 1                |  nfet_03v3/proxy2 = 1                     
                                           |                                           
Net: nfet_03v3_6AMVAX:XM3/dummy_6          |Net: dummy_13                              
  nfet_03v3/proxygate = 1                  |  nfet_03v3/proxy1 = 1                     
                                           |                                           
Net: nfet_03v3_6AMVAX:XM3/dummy_5          |Net: dummy_9                               
  nfet_03v3/proxydrain = 1                 |  nfet_03v3/proxy1 = 1                     
                                           |                                           
Net: V-                                    |Net: V-                                    
  nfet_03v3/2 = 1                          |  nfet_03v3/gate = 1                       
                                           |                                           
Net: Vbias                                 |Net: Vbias                                 
  nfet_03v3/2 = 1                          |  nfet_03v3/gate = 1                       
                                           |                                           
Net: V+                                    |Net: V+                                    
  nfet_03v3/2 = 1                          |  nfet_03v3/gate = 1                       
---------------------------------------------------------------------------------------

---------------------------------------------------------------------------------------
Net: m1_n850_170#                          |Net: net2                                  
  nfet_03v3/(1|3) = 3                      |  nfet_03v3/(drain|source) = 3             
---------------------------------------------------------------------------------------

---------------------------------------------------------------------------------------
Net: VDD                                   |Net: VDD                                   
  pfet_03v3/(1|3) = 2                      |  pfet_03v3/(drain|source) = 2             
  pfet_03v3/4 = 2                          |  pfet_03v3/bulk = 2                       
                                           |                                           
Net: VSS                                   |Net: VSS                                   
  nfet_03v3/4 = 3                          |  nfet_03v3/bulk = 3                       
  nfet_03v3/(1|3) = 1                      |  nfet_03v3/(drain|source) = 1             
                                           |                                           
Net: m1_n910_1530#                         |Net: net1                                  
  nfet_03v3/(1|3) = 1                      |  nfet_03v3/(drain|source) = 1             
  pfet_03v3/2 = 2                          |  pfet_03v3/gate = 2                       
  pfet_03v3/(1|3) = 1                      |  pfet_03v3/(drain|source) = 1             
---------------------------------------------------------------------------------------
DEVICE mismatches: Class fragments follow (with node fanout counts):
Circuit 1: B04_diff_amp                    |Circuit 2: B04_diff_pair_sch               

---------------------------------------------------------------------------------------
Instance: pfet_03v3_SAK7G2:XM5/pfet_03v3:0 |Instance: pfet_03v3:5                      
  (1,3) = (4,4)                            |  proxy1 = 1                               
  2 = 4                                    |  proxy2 = 1                               
  4 = 4                                    |  proxy3 = 1                               
  proxydrain = 1                           |  proxy4 = 1                               
  proxygate = 1                            |  (drain,source) = (4,4)                   
  proxysource = 1                          |  gate = 4                                 
  proxybulk = 1                            |  bulk = 4                                 
                                           |                                           
Instance: pfet_03v3_SAK7G2:XM4/pfet_03v3:0 |Instance: pfet_03v3:4                      
  (1,3) = (4,2)                            |  proxy1 = 1                               
  2 = 4                                    |  proxy2 = 1                               
  4 = 4                                    |  proxy3 = 1                               
  proxydrain = 1                           |  proxy4 = 1                               
  proxygate = 1                            |  (drain,source) = (4,2)                   
  proxysource = 1                          |  gate = 4                                 
  proxybulk = 1                            |  bulk = 4                                 
---------------------------------------------------------------------------------------

---------------------------------------------------------------------------------------
Instance: nfet_03v3_6AMVAX:XM3/nfet_03v3:0 |Instance: nfet_03v3:3                      
  (1,3) = (3,2)                            |  proxy1 = 1                               
  2 = 1                                    |  proxy2 = 1                               
  4 = 4                                    |  proxy3 = 1                               
  proxydrain = 1                           |  proxy4 = 1                               
  proxygate = 1                            |  (drain,source) = (3,2)                   
  proxysource = 1                          |  gate = 1                                 
  proxybulk = 1                            |  bulk = 4                                 
                                           |                                           
Instance: nfet_03v3_TTHT8G:XM2/nfet_03v3:0 |Instance: nfet_03v3:2                      
  (1,3) = (4,3)                            |  proxy1 = 1                               
  2 = 1                                    |  proxy2 = 1                               
  4 = 4                                    |  proxy3 = 1                               
  proxydrain = 1                           |  proxy4 = 1                               
  proxygate = 1                            |  (drain,source) = (4,3)                   
  proxysource = 1                          |  gate = 1                                 
  proxybulk = 1                            |  bulk = 4                                 
                                           |                                           
Instance: nfet_03v3_6AMVAX:XM1/nfet_03v3:0 |Instance: nfet_03v3:1                      
  (1,3) = (4,3)                            |  proxy1 = 1                               
  2 = 1                                    |  proxy2 = 1                               
  4 = 4                                    |  proxy3 = 1                               
  proxydrain = 1                           |  proxy4 = 1                               
  proxygate = 1                            |  (drain,source) = (4,3)                   
  proxysource = 1                          |  gate = 1                                 
  proxybulk = 1                            |  bulk = 4                                 
---------------------------------------------------------------------------------------
Netlists do not match.
Port matching may fail to disambiguate symmetries.

Subcircuit pins:
Circuit 1: B04_diff_amp                    |Circuit 2: B04_diff_pair_sch               
-------------------------------------------|-------------------------------------------
Vo                                         |Vo                                         
V-                                         |V-                                         
Vbias                                      |Vbias                                      
V+                                         |V+                                         
VDD                                        |VDD                                        
VSS                                        |(no pin, node is net1)                     
(no pin, node is VSS)                      |VSS                                        
---------------------------------------------------------------------------------------
Cell pin lists for B04_diff_amp and B04_diff_pair_sch altered to match.
Device classes B04_diff_amp and B04_diff_pair_sch are equivalent.

Final result: Top level cell failed pin matching.
