Netgen 1.5.318 compiled on Thu Apr 16 09:02:45 PM CEST 2026
Warning: netgen command 'format' use fully-qualified name '::netgen::format'
Warning: netgen command 'global' use fully-qualified name '::netgen::global'
Call to undefined subcircuit nfet_03v3
Creating placeholder cell definition.
Call to undefined subcircuit cap_mim_2f0_m4m5_noshield
Creating placeholder cell definition.
Call to undefined subcircuit pfet_03v3
Creating placeholder cell definition.
Call to undefined subcircuit cap_mim_2f0fF
Creating placeholder cell definition.
No property as found for device nfet_03v3
No property ad found for device nfet_03v3
No property ps found for device nfet_03v3
No property pd found for device nfet_03v3
No property as found for device pfet_03v3
No property ad found for device pfet_03v3
No property ps found for device pfet_03v3
No property pd found for device pfet_03v3
No circuit has been declared for comparison

Flattening unmatched subcell nfet_03v3_5636DV in circuit B04_envelope (0)(1 instance)
Flattening unmatched subcell nfet_03v3_JCPGDK in circuit B04_envelope (0)(1 instance)
Flattening unmatched subcell nfet_03v3_L7ZFL9 in circuit B04_envelope (0)(1 instance)
Flattening unmatched subcell cap_mim_2p0fF_RJJ9Q7 in circuit B04_envelope (0)(1 instance)
Flattening unmatched subcell pfet_03v3_C44BVQ in circuit B04_envelope (0)(4 instances)


Contents of circuit 1:  Circuit: 'B04_envelope'
Circuit B04_envelope contains 111 device instances.
  Class: cap_mim_2f0_m4m5_noshield instances: 100
  Class: nfet_03v3             instances:   7
  Class: pfet_03v3             instances:   4
Circuit contains 8 nets.
Contents of circuit 2:  Circuit: 'B04_envelope_detector'
Circuit B04_envelope_detector contains 8 device instances.
  Class: cap_mim_2f0fF         instances:   1
  Class: nfet_03v3             instances:   3
  Class: pfet_03v3             instances:   4
Circuit contains 8 nets.

Circuit 1 contains 111 devices, Circuit 2 contains 8 devices. *** MISMATCH ***
Circuit 1 contains 8 nets,    Circuit 2 contains 8 nets.

Subcircuit summary:
Circuit 1: B04_envelope                    |Circuit 2: B04_envelope_detector           
-------------------------------------------|-------------------------------------------
nfet_03v3 (7)                              |nfet_03v3 (3) **Mismatch**                 
cap_mim_2f0_m4m5_noshield (100)            |(no matching element)                      
pfet_03v3 (4)                              |pfet_03v3 (4)                              
(no matching element)                      |cap_mim_2f0fF (100->1)                     
Number of devices: 111 **Mismatch**        |Number of devices: 8 **Mismatch**          
Number of nets: 8                          |Number of nets: 8                          
---------------------------------------------------------------------------------------
Cannot equate within the same netlist!

Cannot equate within the same netlist!

Cannot equate within the same netlist!

Cannot equate within the same netlist!

Netlists do not match.
NET mismatches: Class fragments follow (with fanout counts):
Circuit 1: B04_envelope                    |Circuit 2: B04_envelope_detector           

---------------------------------------------------------------------------------------
Net: VDD                                   |Net: VDD                                   
  nfet_03v3/3 = 1                          |  nfet_03v3/(drain|source) = 1             
  pfet_03v3/3 = 1                          |  pfet_03v3/(drain|source) = 1             
  pfet_03v3/4 = 1                          |  pfet_03v3/bulk = 1                       
                                           |                                           
Net: Vout                                  |Net: Vout                                  
  nfet_03v3/1 = 1                          |  nfet_03v3/(drain|source) = 2             
  nfet_03v3/3 = 1                          |  cap_mim_2f0fF/2 = 1                      
  cap_mim_2f0_m4m5_noshield/2 = 100        |                                           
                                           |                                           
Net: GND                                   |Net: GND                                   
  nfet_03v3/4 = 7                          |  nfet_03v3/bulk = 3                       
  nfet_03v3/1 = 4                          |  nfet_03v3/(drain|source) = 2             
  nfet_03v3/3 = 2                          |  cap_mim_2f0fF/1 = 1                      
  cap_mim_2f0_m4m5_noshield/1 = 100        |                                           
                                           |                                           
Net: m1_1130_n1010#                        |Net: net1                                  
  nfet_03v3/2 = 6                          |  nfet_03v3/gate = 2                       
  nfet_03v3/1 = 2                          |  nfet_03v3/(drain|source) = 1             
  nfet_03v3/3 = 3                          |  pfet_03v3/(drain|source) = 1             
  pfet_03v3/1 = 1                          |  pfet_03v3/gate = 1                       
  pfet_03v3/2 = 1                          |                                           
---------------------------------------------------------------------------------------

---------------------------------------------------------------------------------------
Net: m1_1670_170#                          |Net: net4                                  
  pfet_03v3/1 = 1                          |  pfet_03v3/(drain|source) = 2             
  pfet_03v3/2 = 1                          |  pfet_03v3/gate = 1                       
  pfet_03v3/3 = 1                          |  pfet_03v3/bulk = 1                       
  pfet_03v3/4 = 1                          |                                           
                                           |                                           
Net: m1_900_1120#                          |Net: net3                                  
  pfet_03v3/3 = 1                          |  pfet_03v3/(drain|source) = 2             
  pfet_03v3/4 = 1                          |  pfet_03v3/gate = 1                       
  pfet_03v3/1 = 1                          |  pfet_03v3/bulk = 1                       
  pfet_03v3/2 = 1                          |                                           
                                           |                                           
Net: m1_130_170#                           |Net: net2                                  
  pfet_03v3/1 = 1                          |  pfet_03v3/(drain|source) = 2             
  pfet_03v3/2 = 1                          |  pfet_03v3/gate = 1                       
  pfet_03v3/3 = 1                          |  pfet_03v3/bulk = 1                       
  pfet_03v3/4 = 1                          |                                           
---------------------------------------------------------------------------------------

---------------------------------------------------------------------------------------
Net: Vin                                   |Net: Vin                                   
  nfet_03v3/2 = 1                          |  nfet_03v3/gate = 1                       
---------------------------------------------------------------------------------------
DEVICE mismatches: Class fragments follow (with node fanout counts):
Circuit 1: B04_envelope                    |Circuit 2: B04_envelope_detector           

---------------------------------------------------------------------------------------
Instance: nfet_03v3_5636DV:XM1/nfet_03v3:0 |Instance: nfet_03v3:1                      
  1 = 102                                  |  (drain,source) = (3,3)                   
  2 = 1                                    |  gate = 1                                 
  3 = 3                                    |  bulk = 6                                 
  4 = 113                                  |                                           
                                           |                                           
Instance: nfet_03v3_JCPGDK:XM2/nfet_03v3:0 |Instance: nfet_03v3:2                      
  1 = 113                                  |  (drain,source) = (6,3)                   
  2 = 13                                   |  gate = 5                                 
  3 = 102                                  |  bulk = 6                                 
  4 = 113                                  |                                           
                                           |                                           
Instance: nfet_03v3_L7ZFL9:XM3/nfet_03v3:0 |Instance: nfet_03v3:3                      
  1 = 13                                   |  (drain,source) = (6,5)                   
  2 = 13                                   |  gate = 5                                 
  3 = 113                                  |  bulk = 6                                 
  4 = 113                                  |                                           
                                           |                                           
Instance: nfet_03v3_L7ZFL9:XM3/nfet_03v3:1 |Instance: cap_mim_2f0fF:C2                 
  1 = 113                                  |  1 = 6                                    
  2 = 13                                   |  2 = 3                                    
  3 = 13                                   |                                           
  4 = 113                                  |                                           
                                           |                                           
Instance: nfet_03v3_L7ZFL9:XM3/nfet_03v3:2 |(no matching instance)                     
  1 = 113                                  |                                           
  2 = 13                                   |                                           
  3 = 13                                   |                                           
  4 = 113                                  |                                           
                                           |                                           
Instance: nfet_03v3_L7ZFL9:XM3/nfet_03v3:3 |(no matching instance)                     
  1 = 113                                  |                                           
  2 = 13                                   |                                           
  3 = 13                                   |                                           
  4 = 113                                  |                                           
                                           |                                           
Instance: nfet_03v3_L7ZFL9:XM3/nfet_03v3:4 |(no matching instance)                     
  1 = 13                                   |                                           
  2 = 13                                   |                                           
  3 = 113                                  |                                           
  4 = 113                                  |                                           
                                           |                                           
Instance: cap_mim_2p0fF_RJJ9Q7_0/cap_mim_2 |(no matching instance)                     
  1 = 113                                  |                                           
  2 = 102                                  |                                           
                                           |                                           
Instance: cap_mim_2p0fF_RJJ9Q7_0/cap_mim_2 |(no matching instance)                     
  1 = 113                                  |                                           
  2 = 102                                  |                                           
                                           |                                           
Instance: cap_mim_2p0fF_RJJ9Q7_0/cap_mim_2 |(no matching instance)                     
  1 = 113                                  |                                           
  2 = 102                                  |                                           
                                           |                                           
Instance: cap_mim_2p0fF_RJJ9Q7_0/cap_mim_2 |(no matching instance)                     
  1 = 113                                  |                                           
  2 = 102                                  |                                           
                                           |                                           
Instance: cap_mim_2p0fF_RJJ9Q7_0/cap_mim_2 |(no matching instance)                     
  1 = 113                                  |                                           
  2 = 102                                  |                                           
                                           |                                           
Instance: cap_mim_2p0fF_RJJ9Q7_0/cap_mim_2 |(no matching instance)                     
  1 = 113                                  |                                           
  2 = 102                                  |                                           
                                           |                                           
Instance: cap_mim_2p0fF_RJJ9Q7_0/cap_mim_2 |(no matching instance)                     
  1 = 113                                  |                                           
  2 = 102                                  |                                           
                                           |                                           
Instance: cap_mim_2p0fF_RJJ9Q7_0/cap_mim_2 |(no matching instance)                     
  1 = 113                                  |                                           
  2 = 102                                  |                                           
                                           |                                           
Instance: cap_mim_2p0fF_RJJ9Q7_0/cap_mim_2 |(no matching instance)                     
  1 = 113                                  |                                           
  2 = 102                                  |                                           
                                           |                                           
Instance: cap_mim_2p0fF_RJJ9Q7_0/cap_mim_2 |(no matching instance)                     
  1 = 113                                  |                                           
  2 = 102                                  |                                           
                                           |                                           
Instance: cap_mim_2p0fF_RJJ9Q7_0/cap_mim_2 |(no matching instance)                     
  1 = 113                                  |                                           
  2 = 102                                  |                                           
                                           |                                           
Instance: cap_mim_2p0fF_RJJ9Q7_0/cap_mim_2 |(no matching instance)                     
  1 = 113                                  |                                           
  2 = 102                                  |                                           
                                           |                                           
Instance: cap_mim_2p0fF_RJJ9Q7_0/cap_mim_2 |(no matching instance)                     
  1 = 113                                  |                                           
  2 = 102                                  |                                           
                                           |                                           
Instance: cap_mim_2p0fF_RJJ9Q7_0/cap_mim_2 |(no matching instance)                     
  1 = 113                                  |                                           
  2 = 102                                  |                                           
                                           |                                           
Instance: cap_mim_2p0fF_RJJ9Q7_0/cap_mim_2 |(no matching instance)                     
  1 = 113                                  |                                           
  2 = 102                                  |                                           
                                           |                                           
Instance: cap_mim_2p0fF_RJJ9Q7_0/cap_mim_2 |(no matching instance)                     
  1 = 113                                  |                                           
  2 = 102                                  |                                           
                                           |                                           
Instance: cap_mim_2p0fF_RJJ9Q7_0/cap_mim_2 |(no matching instance)                     
  1 = 113                                  |                                           
  2 = 102                                  |                                           
                                           |                                           
Instance: cap_mim_2p0fF_RJJ9Q7_0/cap_mim_2 |(no matching instance)                     
  1 = 113                                  |                                           
  2 = 102                                  |                                           
                                           |                                           
Instance: cap_mim_2p0fF_RJJ9Q7_0/cap_mim_2 |(no matching instance)                     
  1 = 113                                  |                                           
  2 = 102                                  |                                           
                                           |                                           
Instance: cap_mim_2p0fF_RJJ9Q7_0/cap_mim_2 |(no matching instance)                     
  1 = 113                                  |                                           
  2 = 102                                  |                                           
                                           |                                           
Instance: cap_mim_2p0fF_RJJ9Q7_0/cap_mim_2 |(no matching instance)                     
  1 = 113                                  |                                           
  2 = 102                                  |                                           
                                           |                                           
Instance: cap_mim_2p0fF_RJJ9Q7_0/cap_mim_2 |(no matching instance)                     
  1 = 113                                  |                                           
  2 = 102                                  |                                           
                                           |                                           
Instance: cap_mim_2p0fF_RJJ9Q7_0/cap_mim_2 |(no matching instance)                     
  1 = 113                                  |                                           
  2 = 102                                  |                                           
                                           |                                           
Instance: cap_mim_2p0fF_RJJ9Q7_0/cap_mim_2 |(no matching instance)                     
  1 = 113                                  |                                           
  2 = 102                                  |                                           
                                           |                                           
Instance: cap_mim_2p0fF_RJJ9Q7_0/cap_mim_2 |(no matching instance)                     
  1 = 113                                  |                                           
  2 = 102                                  |                                           
                                           |                                           
Instance: cap_mim_2p0fF_RJJ9Q7_0/cap_mim_2 |(no matching instance)                     
  1 = 113                                  |                                           
  2 = 102                                  |                                           
                                           |                                           
Instance: cap_mim_2p0fF_RJJ9Q7_0/cap_mim_2 |(no matching instance)                     
  1 = 113                                  |                                           
  2 = 102                                  |                                           
                                           |                                           
Instance: cap_mim_2p0fF_RJJ9Q7_0/cap_mim_2 |(no matching instance)                     
  1 = 113                                  |                                           
  2 = 102                                  |                                           
                                           |                                           
Instance: cap_mim_2p0fF_RJJ9Q7_0/cap_mim_2 |(no matching instance)                     
  1 = 113                                  |                                           
  2 = 102                                  |                                           
                                           |                                           
Instance: cap_mim_2p0fF_RJJ9Q7_0/cap_mim_2 |(no matching instance)                     
  1 = 113                                  |                                           
  2 = 102                                  |                                           
                                           |                                           
Instance: cap_mim_2p0fF_RJJ9Q7_0/cap_mim_2 |(no matching instance)                     
  1 = 113                                  |                                           
  2 = 102                                  |                                           
                                           |                                           
Instance: cap_mim_2p0fF_RJJ9Q7_0/cap_mim_2 |(no matching instance)                     
  1 = 113                                  |                                           
  2 = 102                                  |                                           
                                           |                                           
Instance: cap_mim_2p0fF_RJJ9Q7_0/cap_mim_2 |(no matching instance)                     
  1 = 113                                  |                                           
  2 = 102                                  |                                           
                                           |                                           
Instance: cap_mim_2p0fF_RJJ9Q7_0/cap_mim_2 |(no matching instance)                     
  1 = 113                                  |                                           
  2 = 102                                  |                                           
                                           |                                           
Instance: cap_mim_2p0fF_RJJ9Q7_0/cap_mim_2 |(no matching instance)                     
  1 = 113                                  |                                           
  2 = 102                                  |                                           
                                           |                                           
Instance: cap_mim_2p0fF_RJJ9Q7_0/cap_mim_2 |(no matching instance)                     
  1 = 113                                  |                                           
  2 = 102                                  |                                           
                                           |                                           
Instance: cap_mim_2p0fF_RJJ9Q7_0/cap_mim_2 |(no matching instance)                     
  1 = 113                                  |                                           
  2 = 102                                  |                                           
                                           |                                           
Instance: cap_mim_2p0fF_RJJ9Q7_0/cap_mim_2 |(no matching instance)                     
  1 = 113                                  |                                           
  2 = 102                                  |                                           
                                           |                                           
Instance: cap_mim_2p0fF_RJJ9Q7_0/cap_mim_2 |(no matching instance)                     
  1 = 113                                  |                                           
  2 = 102                                  |                                           
                                           |                                           
Instance: cap_mim_2p0fF_RJJ9Q7_0/cap_mim_2 |(no matching instance)                     
  1 = 113                                  |                                           
  2 = 102                                  |                                           
                                           |                                           
Instance: cap_mim_2p0fF_RJJ9Q7_0/cap_mim_2 |(no matching instance)                     
  1 = 113                                  |                                           
  2 = 102                                  |                                           
                                           |                                           
Instance: cap_mim_2p0fF_RJJ9Q7_0/cap_mim_2 |(no matching instance)                     
  1 = 113                                  |                                           
  2 = 102                                  |                                           
                                           |                                           
Instance: cap_mim_2p0fF_RJJ9Q7_0/cap_mim_2 |(no matching instance)                     
  1 = 113                                  |                                           
  2 = 102                                  |                                           
                                           |                                           
Instance: cap_mim_2p0fF_RJJ9Q7_0/cap_mim_2 |(no matching instance)                     
  1 = 113                                  |                                           
  2 = 102                                  |                                           
                                           |                                           
Instance: cap_mim_2p0fF_RJJ9Q7_0/cap_mim_2 |(no matching instance)                     
  1 = 113                                  |                                           
  2 = 102                                  |                                           
                                           |                                           
Instance: cap_mim_2p0fF_RJJ9Q7_0/cap_mim_2 |(no matching instance)                     
  1 = 113                                  |                                           
  2 = 102                                  |                                           
                                           |                                           
Instance: cap_mim_2p0fF_RJJ9Q7_0/cap_mim_2 |(no matching instance)                     
  1 = 113                                  |                                           
  2 = 102                                  |                                           
                                           |                                           
Instance: cap_mim_2p0fF_RJJ9Q7_0/cap_mim_2 |(no matching instance)                     
  1 = 113                                  |                                           
  2 = 102                                  |                                           
                                           |                                           
Instance: cap_mim_2p0fF_RJJ9Q7_0/cap_mim_2 |(no matching instance)                     
  1 = 113                                  |                                           
  2 = 102                                  |                                           
                                           |                                           
Instance: cap_mim_2p0fF_RJJ9Q7_0/cap_mim_2 |(no matching instance)                     
  1 = 113                                  |                                           
  2 = 102                                  |                                           
                                           |                                           
Instance: cap_mim_2p0fF_RJJ9Q7_0/cap_mim_2 |(no matching instance)                     
  1 = 113                                  |                                           
  2 = 102                                  |                                           
                                           |                                           
Instance: cap_mim_2p0fF_RJJ9Q7_0/cap_mim_2 |(no matching instance)                     
  1 = 113                                  |                                           
  2 = 102                                  |                                           
                                           |                                           
Instance: cap_mim_2p0fF_RJJ9Q7_0/cap_mim_2 |(no matching instance)                     
  1 = 113                                  |                                           
  2 = 102                                  |                                           
                                           |                                           
Instance: cap_mim_2p0fF_RJJ9Q7_0/cap_mim_2 |(no matching instance)                     
  1 = 113                                  |                                           
  2 = 102                                  |                                           
                                           |                                           
Instance: cap_mim_2p0fF_RJJ9Q7_0/cap_mim_2 |(no matching instance)                     
  1 = 113                                  |                                           
  2 = 102                                  |                                           
                                           |                                           
Instance: cap_mim_2p0fF_RJJ9Q7_0/cap_mim_2 |(no matching instance)                     
  1 = 113                                  |                                           
  2 = 102                                  |                                           
                                           |                                           
Instance: cap_mim_2p0fF_RJJ9Q7_0/cap_mim_2 |(no matching instance)                     
  1 = 113                                  |                                           
  2 = 102                                  |                                           
                                           |                                           
Instance: cap_mim_2p0fF_RJJ9Q7_0/cap_mim_2 |(no matching instance)                     
  1 = 113                                  |                                           
  2 = 102                                  |                                           
                                           |                                           
Instance: cap_mim_2p0fF_RJJ9Q7_0/cap_mim_2 |(no matching instance)                     
  1 = 113                                  |                                           
  2 = 102                                  |                                           
                                           |                                           
Instance: cap_mim_2p0fF_RJJ9Q7_0/cap_mim_2 |(no matching instance)                     
  1 = 113                                  |                                           
  2 = 102                                  |                                           
                                           |                                           
Instance: cap_mim_2p0fF_RJJ9Q7_0/cap_mim_2 |(no matching instance)                     
  1 = 113                                  |                                           
  2 = 102                                  |                                           
                                           |                                           
Instance: cap_mim_2p0fF_RJJ9Q7_0/cap_mim_2 |(no matching instance)                     
  1 = 113                                  |                                           
  2 = 102                                  |                                           
                                           |                                           
Instance: cap_mim_2p0fF_RJJ9Q7_0/cap_mim_2 |(no matching instance)                     
  1 = 113                                  |                                           
  2 = 102                                  |                                           
                                           |                                           
Instance: cap_mim_2p0fF_RJJ9Q7_0/cap_mim_2 |(no matching instance)                     
  1 = 113                                  |                                           
  2 = 102                                  |                                           
                                           |                                           
Instance: cap_mim_2p0fF_RJJ9Q7_0/cap_mim_2 |(no matching instance)                     
  1 = 113                                  |                                           
  2 = 102                                  |                                           
                                           |                                           
Instance: cap_mim_2p0fF_RJJ9Q7_0/cap_mim_2 |(no matching instance)                     
  1 = 113                                  |                                           
  2 = 102                                  |                                           
                                           |                                           
Instance: cap_mim_2p0fF_RJJ9Q7_0/cap_mim_2 |(no matching instance)                     
  1 = 113                                  |                                           
  2 = 102                                  |                                           
                                           |                                           
Instance: cap_mim_2p0fF_RJJ9Q7_0/cap_mim_2 |(no matching instance)                     
  1 = 113                                  |                                           
  2 = 102                                  |                                           
                                           |                                           
Instance: cap_mim_2p0fF_RJJ9Q7_0/cap_mim_2 |(no matching instance)                     
  1 = 113                                  |                                           
  2 = 102                                  |                                           
                                           |                                           
Instance: cap_mim_2p0fF_RJJ9Q7_0/cap_mim_2 |(no matching instance)                     
  1 = 113                                  |                                           
  2 = 102                                  |                                           
                                           |                                           
Instance: cap_mim_2p0fF_RJJ9Q7_0/cap_mim_2 |(no matching instance)                     
  1 = 113                                  |                                           
  2 = 102                                  |                                           
                                           |                                           
Instance: cap_mim_2p0fF_RJJ9Q7_0/cap_mim_2 |(no matching instance)                     
  1 = 113                                  |                                           
  2 = 102                                  |                                           
                                           |                                           
Instance: cap_mim_2p0fF_RJJ9Q7_0/cap_mim_2 |(no matching instance)                     
  1 = 113                                  |                                           
  2 = 102                                  |                                           
                                           |                                           
Instance: cap_mim_2p0fF_RJJ9Q7_0/cap_mim_2 |(no matching instance)                     
  1 = 113                                  |                                           
  2 = 102                                  |                                           
                                           |                                           
Instance: cap_mim_2p0fF_RJJ9Q7_0/cap_mim_2 |(no matching instance)                     
  1 = 113                                  |                                           
  2 = 102                                  |                                           
                                           |                                           
Instance: cap_mim_2p0fF_RJJ9Q7_0/cap_mim_2 |(no matching instance)                     
  1 = 113                                  |                                           
  2 = 102                                  |                                           
                                           |                                           
Instance: cap_mim_2p0fF_RJJ9Q7_0/cap_mim_2 |(no matching instance)                     
  1 = 113                                  |                                           
  2 = 102                                  |                                           
                                           |                                           
Instance: cap_mim_2p0fF_RJJ9Q7_0/cap_mim_2 |(no matching instance)                     
  1 = 113                                  |                                           
  2 = 102                                  |                                           
                                           |                                           
Instance: cap_mim_2p0fF_RJJ9Q7_0/cap_mim_2 |(no matching instance)                     
  1 = 113                                  |                                           
  2 = 102                                  |                                           
                                           |                                           
Instance: cap_mim_2p0fF_RJJ9Q7_0/cap_mim_2 |(no matching instance)                     
  1 = 113                                  |                                           
  2 = 102                                  |                                           
                                           |                                           
Instance: cap_mim_2p0fF_RJJ9Q7_0/cap_mim_2 |(no matching instance)                     
  1 = 113                                  |                                           
  2 = 102                                  |                                           
                                           |                                           
Instance: cap_mim_2p0fF_RJJ9Q7_0/cap_mim_2 |(no matching instance)                     
  1 = 113                                  |                                           
  2 = 102                                  |                                           
                                           |                                           
Instance: cap_mim_2p0fF_RJJ9Q7_0/cap_mim_2 |(no matching instance)                     
  1 = 113                                  |                                           
  2 = 102                                  |                                           
                                           |                                           
Instance: cap_mim_2p0fF_RJJ9Q7_0/cap_mim_2 |(no matching instance)                     
  1 = 113                                  |                                           
  2 = 102                                  |                                           
                                           |                                           
Instance: cap_mim_2p0fF_RJJ9Q7_0/cap_mim_2 |(no matching instance)                     
  1 = 113                                  |                                           
  2 = 102                                  |                                           
                                           |                                           
Instance: cap_mim_2p0fF_RJJ9Q7_0/cap_mim_2 |(no matching instance)                     
  1 = 113                                  |                                           
  2 = 102                                  |                                           
                                           |                                           
Instance: cap_mim_2p0fF_RJJ9Q7_0/cap_mim_2 |(no matching instance)                     
  1 = 113                                  |                                           
  2 = 102                                  |                                           
                                           |                                           
Instance: cap_mim_2p0fF_RJJ9Q7_0/cap_mim_2 |(no matching instance)                     
  1 = 113                                  |                                           
  2 = 102                                  |                                           
                                           |                                           
Instance: cap_mim_2p0fF_RJJ9Q7_0/cap_mim_2 |(no matching instance)                     
  1 = 113                                  |                                           
  2 = 102                                  |                                           
                                           |                                           
Instance: cap_mim_2p0fF_RJJ9Q7_0/cap_mim_2 |(no matching instance)                     
  1 = 113                                  |                                           
  2 = 102                                  |                                           
                                           |                                           
Instance: cap_mim_2p0fF_RJJ9Q7_0/cap_mim_2 |(no matching instance)                     
  1 = 113                                  |                                           
  2 = 102                                  |                                           
                                           |                                           
Instance: cap_mim_2p0fF_RJJ9Q7_0/cap_mim_2 |(no matching instance)                     
  1 = 113                                  |                                           
  2 = 102                                  |                                           
                                           |                                           
Instance: cap_mim_2p0fF_RJJ9Q7_0/cap_mim_2 |(no matching instance)                     
  1 = 113                                  |                                           
  2 = 102                                  |                                           
                                           |                                           
Instance: cap_mim_2p0fF_RJJ9Q7_0/cap_mim_2 |(no matching instance)                     
  1 = 113                                  |                                           
  2 = 102                                  |                                           
                                           |                                           
Instance: cap_mim_2p0fF_RJJ9Q7_0/cap_mim_2 |(no matching instance)                     
  1 = 113                                  |                                           
  2 = 102                                  |                                           
                                           |                                           
Instance: cap_mim_2p0fF_RJJ9Q7_0/cap_mim_2 |(no matching instance)                     
  1 = 113                                  |                                           
  2 = 102                                  |                                           
                                           |                                           
Instance: cap_mim_2p0fF_RJJ9Q7_0/cap_mim_2 |(no matching instance)                     
  1 = 113                                  |                                           
  2 = 102                                  |                                           
                                           |                                           
Instance: cap_mim_2p0fF_RJJ9Q7_0/cap_mim_2 |(no matching instance)                     
  1 = 113                                  |                                           
  2 = 102                                  |                                           
                                           |                                           
Instance: cap_mim_2p0fF_RJJ9Q7_0/cap_mim_2 |(no matching instance)                     
  1 = 113                                  |                                           
  2 = 102                                  |                                           
                                           |                                           
Instance: cap_mim_2p0fF_RJJ9Q7_0/cap_mim_2 |(no matching instance)                     
  1 = 113                                  |                                           
  2 = 102                                  |                                           
---------------------------------------------------------------------------------------

---------------------------------------------------------------------------------------
Instance: pfet_03v3_C44BVQ:XM10/pfet_03v3: |Instance: pfet_03v3:10                     
  1 = 13                                   |  (drain,source) = (5,4)                   
  2 = 13                                   |  gate = 5                                 
  3 = 4                                    |  bulk = 4                                 
  4 = 4                                    |                                           
                                           |                                           
Instance: pfet_03v3_C44BVQ:XM8/pfet_03v3:0 |Instance: pfet_03v3:9                      
  1 = 4                                    |  (drain,source) = (4,4)                   
  2 = 4                                    |  gate = 4                                 
  3 = 4                                    |  bulk = 4                                 
  4 = 4                                    |                                           
                                           |                                           
Instance: pfet_03v3_C44BVQ:XM9/pfet_03v3:0 |Instance: pfet_03v3:8                      
  1 = 4                                    |  (drain,source) = (4,4)                   
  2 = 4                                    |  gate = 4                                 
  3 = 4                                    |  bulk = 4                                 
  4 = 4                                    |                                           
                                           |                                           
Instance: pfet_03v3_C44BVQ:XM7/pfet_03v3:0 |Instance: pfet_03v3:7                      
  1 = 4                                    |  (drain,source) = (4,3)                   
  2 = 4                                    |  gate = 4                                 
  3 = 3                                    |  bulk = 3                                 
  4 = 3                                    |                                           
---------------------------------------------------------------------------------------
Netlists do not match.
Port matching may fail to disambiguate symmetries.
