#! /usr/bin/vvp
:ivl_version "11.0 (stable)";
:ivl_delay_selection "TYPICAL";
:vpi_time_precision - 12;
:vpi_module "/usr/lib/x86_64-linux-gnu/ivl/system.vpi";
:vpi_module "/usr/lib/x86_64-linux-gnu/ivl/vhdl_sys.vpi";
:vpi_module "/usr/lib/x86_64-linux-gnu/ivl/vhdl_textio.vpi";
:vpi_module "/usr/lib/x86_64-linux-gnu/ivl/v2005_math.vpi";
:vpi_module "/usr/lib/x86_64-linux-gnu/ivl/va_math.vpi";
S_0x5df334a66300 .scope module, "tb_i2c_slave_config" "tb_i2c_slave_config" 2 3;
 .timescale -9 -12;
P_0x5df334a34ea0 .param/l "CLK_PERIOD" 0 2 6, +C4<00000000000000000000000000001010>;
v0x5df334ac3210_0 .net "capacitor_ctrl_reg", 7 0, L_0x5df334ac4ad0;  1 drivers
v0x5df334ac32f0_0 .var "clk", 0 0;
v0x5df334ac3390_0 .var "en", 0 0;
v0x5df334ac3430_0 .var "scl", 0 0;
v0x5df334ac3500_0 .var "sda_in", 0 0;
v0x5df334ac35a0_0 .net "sda_oe", 0 0, v0x5df334ac2520_0;  1 drivers
v0x5df334ac3670_0 .net "sda_out", 0 0, v0x5df334ac25e0_0;  1 drivers
v0x5df334ac3740_0 .net "threshold_reg", 7 0, L_0x5df334ac48b0;  1 drivers
v0x5df334ac3810_0 .net "timeout_reg", 7 0, L_0x5df334ac4970;  1 drivers
S_0x5df334a9f4d0 .scope task, "i2c_write_byte" "i2c_write_byte" 2 38, 2 38 0, S_0x5df334a66300;
 .timescale -9 -12;
v0x5df334a6e4a0_0 .var "data", 7 0;
v0x5df334a66fb0_0 .var/i "i", 31 0;
TD_tb_i2c_slave_config.i2c_write_byte ;
    %pushi/vec4 7, 0, 32;
    %store/vec4 v0x5df334a66fb0_0, 0, 32;
T_0.0 ;
    %load/vec4 v0x5df334a66fb0_0;
    %cmpi/s 0, 0, 32;
    %flag_inv 5; GE is !LT
    %jmp/0xz T_0.1, 5;
    %pushi/vec4 0, 0, 1;
    %store/vec4 v0x5df334ac3430_0, 0, 1;
    %delay 50000, 0;
    %load/vec4 v0x5df334a6e4a0_0;
    %load/vec4 v0x5df334a66fb0_0;
    %part/s 1;
    %store/vec4 v0x5df334ac3500_0, 0, 1;
    %delay 50000, 0;
    %pushi/vec4 1, 0, 1;
    %store/vec4 v0x5df334ac3430_0, 0, 1;
    %delay 100000, 0;
    %pushi/vec4 0, 0, 1;
    %store/vec4 v0x5df334ac3430_0, 0, 1;
    %delay 50000, 0;
    %load/vec4 v0x5df334a66fb0_0;
    %subi 1, 0, 32;
    %store/vec4 v0x5df334a66fb0_0, 0, 32;
    %jmp T_0.0;
T_0.1 ;
    %pushi/vec4 1, 0, 1;
    %store/vec4 v0x5df334ac3500_0, 0, 1;
    %pushi/vec4 1, 0, 1;
    %store/vec4 v0x5df334ac3430_0, 0, 1;
    %delay 50000, 0;
    %load/vec4 v0x5df334ac35a0_0;
    %pushi/vec4 1, 0, 1;
    %cmp/e;
    %flag_get/vec4 4;
    %load/vec4 v0x5df334ac3670_0;
    %pushi/vec4 0, 0, 1;
    %cmp/e;
    %flag_get/vec4 4;
    %and;
    %flag_set/vec4 8;
    %jmp/0xz  T_0.2, 8;
    %vpi_call 2 56 "$display", "[%0t ns] ACK Received for byte: 0x%h", $time, v0x5df334a6e4a0_0 {0 0 0};
    %jmp T_0.3;
T_0.2 ;
    %vpi_call 2 58 "$display", "[%0t ns] ERROR: NACK! Slave did not respond to byte: 0x%h", $time, v0x5df334a6e4a0_0 {0 0 0};
T_0.3 ;
    %delay 50000, 0;
    %pushi/vec4 0, 0, 1;
    %store/vec4 v0x5df334ac3430_0, 0, 1;
    %delay 50000, 0;
    %end;
S_0x5df334ac07e0 .scope module, "u_i2c" "i2c_slave_config" 2 22, 3 1 0, S_0x5df334a66300;
 .timescale 0 0;
    .port_info 0 /INPUT 1 "clk";
    .port_info 1 /INPUT 1 "en";
    .port_info 2 /INPUT 1 "scl";
    .port_info 3 /INPUT 1 "sda_in";
    .port_info 4 /OUTPUT 1 "sda_out";
    .port_info 5 /OUTPUT 1 "sda_oe";
    .port_info 6 /OUTPUT 8 "threshold_reg";
    .port_info 7 /OUTPUT 8 "timeout_reg";
    .port_info 8 /OUTPUT 8 "capacitor_ctrl_reg";
P_0x5df334a8e160 .param/l "ADDR" 1 3 33, C4<001>;
P_0x5df334a8e1a0 .param/l "ADDR_ACK" 1 3 33, C4<010>;
P_0x5df334a8e1e0 .param/l "DATA" 1 3 33, C4<101>;
P_0x5df334a8e220 .param/l "DATA_ACK" 1 3 33, C4<110>;
P_0x5df334a8e260 .param/l "IDLE" 1 3 33, C4<000>;
P_0x5df334a8e2a0 .param/l "REGADDR" 1 3 33, C4<011>;
P_0x5df334a8e2e0 .param/l "REGADDR_ACK" 1 3 33, C4<100>;
P_0x5df334a8e320 .param/l "SLAVE_ADDR" 0 3 2, C4<1010000>;
L_0x5df334a66e90 .functor NOT 1, v0x5df334ac20a0_0, C4<0>, C4<0>, C4<0>;
L_0x5df334a6b8c0 .functor AND 1, v0x5df334ac1fe0_0, L_0x5df334a66e90, C4<1>, C4<1>;
L_0x5df334a94510 .functor NOT 1, v0x5df334ac1fe0_0, C4<0>, C4<0>, C4<0>;
L_0x5df334a98050 .functor AND 1, L_0x5df334a94510, v0x5df334ac20a0_0, C4<1>, C4<1>;
L_0x5df334a980c0 .functor AND 1, v0x5df334ac1fe0_0, v0x5df334ac20a0_0, C4<1>, C4<1>;
L_0x5df334ac3ac0 .functor NOT 1, v0x5df334ac22e0_0, C4<0>, C4<0>, C4<0>;
L_0x5df334ac3ba0 .functor AND 1, L_0x5df334a980c0, L_0x5df334ac3ac0, C4<1>, C4<1>;
L_0x5df334ac3cb0 .functor AND 1, L_0x5df334ac3ba0, v0x5df334ac23a0_0, C4<1>, C4<1>;
L_0x5df334ac3dc0 .functor AND 1, v0x5df334ac1fe0_0, v0x5df334ac20a0_0, C4<1>, C4<1>;
L_0x5df334ac3e30 .functor AND 1, L_0x5df334ac3dc0, v0x5df334ac22e0_0, C4<1>, C4<1>;
L_0x5df334ac3f30 .functor NOT 1, v0x5df334ac23a0_0, C4<0>, C4<0>, C4<0>;
L_0x5df334ac3fa0 .functor AND 1, L_0x5df334ac3e30, L_0x5df334ac3f30, C4<1>, C4<1>;
L_0x5df334ac4380 .functor OR 1, L_0x5df334ac4120, L_0x5df334ac4210, C4<0>, C4<0>;
L_0x5df334ac4580 .functor OR 1, L_0x5df334ac4380, L_0x5df334ac4490, C4<0>, C4<0>;
L_0x5df334ac40b0 .functor AND 1, L_0x5df334ac4580, L_0x5df334a6b8c0, C4<1>, C4<1>;
L_0x5df334ac47b0 .functor BUFZ 8, v0x5df334ac2970_0, C4<00000000>, C4<00000000>, C4<00000000>;
L_0x5df334ac48b0 .functor BUFZ 8, v0x5df334ac2cb0_0, C4<00000000>, C4<00000000>, C4<00000000>;
L_0x5df334ac4970 .functor BUFZ 8, v0x5df334ac2e70_0, C4<00000000>, C4<00000000>, C4<00000000>;
L_0x5df334ac4ad0 .functor BUFZ 8, v0x5df334ac1a20_0, C4<00000000>, C4<00000000>, C4<00000000>;
v0x5df334a670b0_0 .net *"_ivl_0", 0 0, L_0x5df334a66e90;  1 drivers
v0x5df334a936e0_0 .net *"_ivl_10", 0 0, L_0x5df334ac3ac0;  1 drivers
v0x5df334a93780_0 .net *"_ivl_12", 0 0, L_0x5df334ac3ba0;  1 drivers
v0x5df334a94670_0 .net *"_ivl_16", 0 0, L_0x5df334ac3dc0;  1 drivers
v0x5df334a94710_0 .net *"_ivl_18", 0 0, L_0x5df334ac3e30;  1 drivers
v0x5df334ac1040_0 .net *"_ivl_20", 0 0, L_0x5df334ac3f30;  1 drivers
L_0x77bf9c22d018 .functor BUFT 1, C4<001>, C4<0>, C4<0>, C4<0>;
v0x5df334ac1120_0 .net/2u *"_ivl_24", 2 0, L_0x77bf9c22d018;  1 drivers
v0x5df334ac1200_0 .net *"_ivl_26", 0 0, L_0x5df334ac4120;  1 drivers
L_0x77bf9c22d060 .functor BUFT 1, C4<011>, C4<0>, C4<0>, C4<0>;
v0x5df334ac12c0_0 .net/2u *"_ivl_28", 2 0, L_0x77bf9c22d060;  1 drivers
v0x5df334ac13a0_0 .net *"_ivl_30", 0 0, L_0x5df334ac4210;  1 drivers
v0x5df334ac1460_0 .net *"_ivl_33", 0 0, L_0x5df334ac4380;  1 drivers
L_0x77bf9c22d0a8 .functor BUFT 1, C4<101>, C4<0>, C4<0>, C4<0>;
v0x5df334ac1520_0 .net/2u *"_ivl_34", 2 0, L_0x77bf9c22d0a8;  1 drivers
v0x5df334ac1600_0 .net *"_ivl_36", 0 0, L_0x5df334ac4490;  1 drivers
v0x5df334ac16c0_0 .net *"_ivl_39", 0 0, L_0x5df334ac4580;  1 drivers
v0x5df334ac1780_0 .net *"_ivl_4", 0 0, L_0x5df334a94510;  1 drivers
v0x5df334ac1860_0 .net *"_ivl_8", 0 0, L_0x5df334a980c0;  1 drivers
v0x5df334ac1940_0 .var "bit_cnt", 3 0;
v0x5df334ac1a20_0 .var "capacitor_ctrl_int", 7 0;
v0x5df334ac1b00_0 .net "capacitor_ctrl_reg", 7 0, L_0x5df334ac4ad0;  alias, 1 drivers
v0x5df334ac1be0_0 .net "clk", 0 0, v0x5df334ac32f0_0;  1 drivers
v0x5df334ac1ca0_0 .net "en", 0 0, v0x5df334ac3390_0;  1 drivers
v0x5df334ac1d60_0 .net "parallel_data", 7 0, L_0x5df334ac47b0;  1 drivers
v0x5df334ac1e40_0 .var "reg_addr", 1 0;
v0x5df334ac1f20_0 .net "scl", 0 0, v0x5df334ac3430_0;  1 drivers
v0x5df334ac1fe0_0 .var "scl_d1", 0 0;
v0x5df334ac20a0_0 .var "scl_d2", 0 0;
v0x5df334ac2160_0 .net "scl_fall", 0 0, L_0x5df334a98050;  1 drivers
v0x5df334ac2220_0 .net "scl_rise", 0 0, L_0x5df334a6b8c0;  1 drivers
v0x5df334ac22e0_0 .var "sda_d1", 0 0;
v0x5df334ac23a0_0 .var "sda_d2", 0 0;
v0x5df334ac2460_0 .net "sda_in", 0 0, v0x5df334ac3500_0;  1 drivers
v0x5df334ac2520_0 .var "sda_oe", 0 0;
v0x5df334ac25e0_0 .var "sda_out", 0 0;
v0x5df334ac28b0_0 .net "shift_en", 0 0, L_0x5df334ac40b0;  1 drivers
v0x5df334ac2970_0 .var "shift_reg_internal", 7 0;
v0x5df334ac2a50_0 .net "start_det", 0 0, L_0x5df334ac3cb0;  1 drivers
v0x5df334ac2b10_0 .var "state", 2 0;
v0x5df334ac2bf0_0 .net "stop_det", 0 0, L_0x5df334ac3fa0;  1 drivers
v0x5df334ac2cb0_0 .var "threshold_int", 7 0;
v0x5df334ac2d90_0 .net "threshold_reg", 7 0, L_0x5df334ac48b0;  alias, 1 drivers
v0x5df334ac2e70_0 .var "timeout_int", 7 0;
v0x5df334ac2f50_0 .net "timeout_reg", 7 0, L_0x5df334ac4970;  alias, 1 drivers
v0x5df334ac3030_0 .var "write_en", 0 0;
E_0x5df334a6d5b0 .event posedge, v0x5df334ac1ca0_0, v0x5df334ac1be0_0;
L_0x5df334ac4120 .cmp/eq 3, v0x5df334ac2b10_0, L_0x77bf9c22d018;
L_0x5df334ac4210 .cmp/eq 3, v0x5df334ac2b10_0, L_0x77bf9c22d060;
L_0x5df334ac4490 .cmp/eq 3, v0x5df334ac2b10_0, L_0x77bf9c22d0a8;
    .scope S_0x5df334ac07e0;
T_1 ;
    %wait E_0x5df334a6d5b0;
    %load/vec4 v0x5df334ac1ca0_0;
    %flag_set/vec4 8;
    %jmp/0xz  T_1.0, 8;
    %pushi/vec4 1, 0, 1;
    %assign/vec4 v0x5df334ac1fe0_0, 0;
    %pushi/vec4 1, 0, 1;
    %assign/vec4 v0x5df334ac20a0_0, 0;
    %pushi/vec4 1, 0, 1;
    %assign/vec4 v0x5df334ac22e0_0, 0;
    %pushi/vec4 1, 0, 1;
    %assign/vec4 v0x5df334ac23a0_0, 0;
    %jmp T_1.1;
T_1.0 ;
    %load/vec4 v0x5df334ac1f20_0;
    %assign/vec4 v0x5df334ac1fe0_0, 0;
    %load/vec4 v0x5df334ac1fe0_0;
    %assign/vec4 v0x5df334ac20a0_0, 0;
    %load/vec4 v0x5df334ac2460_0;
    %assign/vec4 v0x5df334ac22e0_0, 0;
    %load/vec4 v0x5df334ac22e0_0;
    %assign/vec4 v0x5df334ac23a0_0, 0;
T_1.1 ;
    %jmp T_1;
    .thread T_1;
    .scope S_0x5df334ac07e0;
T_2 ;
    %wait E_0x5df334a6d5b0;
    %load/vec4 v0x5df334ac1ca0_0;
    %flag_set/vec4 8;
    %jmp/0xz  T_2.0, 8;
    %pushi/vec4 0, 0, 3;
    %assign/vec4 v0x5df334ac2b10_0, 0;
    %pushi/vec4 0, 0, 4;
    %assign/vec4 v0x5df334ac1940_0, 0;
    %pushi/vec4 1, 0, 1;
    %assign/vec4 v0x5df334ac25e0_0, 0;
    %pushi/vec4 0, 0, 1;
    %assign/vec4 v0x5df334ac2520_0, 0;
    %pushi/vec4 0, 0, 1;
    %assign/vec4 v0x5df334ac3030_0, 0;
    %jmp T_2.1;
T_2.0 ;
    %pushi/vec4 0, 0, 1;
    %assign/vec4 v0x5df334ac3030_0, 0;
    %load/vec4 v0x5df334ac2a50_0;
    %flag_set/vec4 8;
    %jmp/0xz  T_2.2, 8;
    %pushi/vec4 1, 0, 3;
    %assign/vec4 v0x5df334ac2b10_0, 0;
    %pushi/vec4 0, 0, 4;
    %assign/vec4 v0x5df334ac1940_0, 0;
    %pushi/vec4 0, 0, 1;
    %assign/vec4 v0x5df334ac2520_0, 0;
    %jmp T_2.3;
T_2.2 ;
    %load/vec4 v0x5df334ac2bf0_0;
    %flag_set/vec4 8;
    %jmp/0xz  T_2.4, 8;
    %pushi/vec4 0, 0, 3;
    %assign/vec4 v0x5df334ac2b10_0, 0;
    %pushi/vec4 0, 0, 1;
    %assign/vec4 v0x5df334ac2520_0, 0;
    %jmp T_2.5;
T_2.4 ;
    %load/vec4 v0x5df334ac2b10_0;
    %dup/vec4;
    %pushi/vec4 1, 0, 3;
    %cmp/u;
    %jmp/1 T_2.6, 6;
    %dup/vec4;
    %pushi/vec4 2, 0, 3;
    %cmp/u;
    %jmp/1 T_2.7, 6;
    %dup/vec4;
    %pushi/vec4 3, 0, 3;
    %cmp/u;
    %jmp/1 T_2.8, 6;
    %dup/vec4;
    %pushi/vec4 4, 0, 3;
    %cmp/u;
    %jmp/1 T_2.9, 6;
    %dup/vec4;
    %pushi/vec4 5, 0, 3;
    %cmp/u;
    %jmp/1 T_2.10, 6;
    %dup/vec4;
    %pushi/vec4 6, 0, 3;
    %cmp/u;
    %jmp/1 T_2.11, 6;
    %pushi/vec4 0, 0, 3;
    %assign/vec4 v0x5df334ac2b10_0, 0;
    %jmp T_2.13;
T_2.6 ;
    %load/vec4 v0x5df334ac28b0_0;
    %flag_set/vec4 8;
    %jmp/0xz  T_2.14, 8;
    %load/vec4 v0x5df334ac1940_0;
    %addi 1, 0, 4;
    %assign/vec4 v0x5df334ac1940_0, 0;
    %load/vec4 v0x5df334ac1940_0;
    %cmpi/e 7, 0, 4;
    %jmp/0xz  T_2.16, 4;
    %pushi/vec4 2, 0, 3;
    %assign/vec4 v0x5df334ac2b10_0, 0;
T_2.16 ;
T_2.14 ;
    %jmp T_2.13;
T_2.7 ;
    %load/vec4 v0x5df334ac2160_0;
    %flag_set/vec4 8;
    %jmp/0xz  T_2.18, 8;
    %load/vec4 v0x5df334ac2520_0;
    %cmpi/e 0, 0, 1;
    %jmp/0xz  T_2.20, 4;
    %load/vec4 v0x5df334ac1d60_0;
    %parti/s 7, 1, 2;
    %pushi/vec4 80, 0, 7;
    %cmp/e;
    %flag_get/vec4 4;
    %load/vec4 v0x5df334ac1d60_0;
    %parti/s 1, 0, 2;
    %pushi/vec4 0, 0, 1;
    %cmp/e;
    %flag_get/vec4 4;
    %and;
    %flag_set/vec4 8;
    %jmp/0xz  T_2.22, 8;
    %pushi/vec4 0, 0, 1;
    %assign/vec4 v0x5df334ac25e0_0, 0;
    %pushi/vec4 1, 0, 1;
    %assign/vec4 v0x5df334ac2520_0, 0;
    %jmp T_2.23;
T_2.22 ;
    %pushi/vec4 0, 0, 3;
    %assign/vec4 v0x5df334ac2b10_0, 0;
T_2.23 ;
    %jmp T_2.21;
T_2.20 ;
    %pushi/vec4 0, 0, 1;
    %assign/vec4 v0x5df334ac2520_0, 0;
    %pushi/vec4 3, 0, 3;
    %assign/vec4 v0x5df334ac2b10_0, 0;
    %pushi/vec4 0, 0, 4;
    %assign/vec4 v0x5df334ac1940_0, 0;
T_2.21 ;
T_2.18 ;
    %jmp T_2.13;
T_2.8 ;
    %load/vec4 v0x5df334ac28b0_0;
    %flag_set/vec4 8;
    %jmp/0xz  T_2.24, 8;
    %load/vec4 v0x5df334ac1940_0;
    %addi 1, 0, 4;
    %assign/vec4 v0x5df334ac1940_0, 0;
    %load/vec4 v0x5df334ac1940_0;
    %cmpi/e 7, 0, 4;
    %jmp/0xz  T_2.26, 4;
    %pushi/vec4 4, 0, 3;
    %assign/vec4 v0x5df334ac2b10_0, 0;
T_2.26 ;
T_2.24 ;
    %jmp T_2.13;
T_2.9 ;
    %load/vec4 v0x5df334ac2160_0;
    %flag_set/vec4 8;
    %jmp/0xz  T_2.28, 8;
    %load/vec4 v0x5df334ac2520_0;
    %cmpi/e 0, 0, 1;
    %jmp/0xz  T_2.30, 4;
    %pushi/vec4 0, 0, 1;
    %assign/vec4 v0x5df334ac25e0_0, 0;
    %pushi/vec4 1, 0, 1;
    %assign/vec4 v0x5df334ac2520_0, 0;
    %jmp T_2.31;
T_2.30 ;
    %pushi/vec4 0, 0, 1;
    %assign/vec4 v0x5df334ac2520_0, 0;
    %pushi/vec4 5, 0, 3;
    %assign/vec4 v0x5df334ac2b10_0, 0;
    %pushi/vec4 0, 0, 4;
    %assign/vec4 v0x5df334ac1940_0, 0;
T_2.31 ;
T_2.28 ;
    %jmp T_2.13;
T_2.10 ;
    %load/vec4 v0x5df334ac28b0_0;
    %flag_set/vec4 8;
    %jmp/0xz  T_2.32, 8;
    %load/vec4 v0x5df334ac1940_0;
    %addi 1, 0, 4;
    %assign/vec4 v0x5df334ac1940_0, 0;
    %load/vec4 v0x5df334ac1940_0;
    %cmpi/e 7, 0, 4;
    %jmp/0xz  T_2.34, 4;
    %pushi/vec4 6, 0, 3;
    %assign/vec4 v0x5df334ac2b10_0, 0;
T_2.34 ;
T_2.32 ;
    %jmp T_2.13;
T_2.11 ;
    %load/vec4 v0x5df334ac2160_0;
    %flag_set/vec4 8;
    %jmp/0xz  T_2.36, 8;
    %load/vec4 v0x5df334ac2520_0;
    %cmpi/e 0, 0, 1;
    %jmp/0xz  T_2.38, 4;
    %pushi/vec4 0, 0, 1;
    %assign/vec4 v0x5df334ac25e0_0, 0;
    %pushi/vec4 1, 0, 1;
    %assign/vec4 v0x5df334ac2520_0, 0;
    %pushi/vec4 1, 0, 1;
    %assign/vec4 v0x5df334ac3030_0, 0;
    %jmp T_2.39;
T_2.38 ;
    %pushi/vec4 0, 0, 1;
    %assign/vec4 v0x5df334ac2520_0, 0;
    %pushi/vec4 5, 0, 3;
    %assign/vec4 v0x5df334ac2b10_0, 0;
    %pushi/vec4 0, 0, 4;
    %assign/vec4 v0x5df334ac1940_0, 0;
T_2.39 ;
T_2.36 ;
    %jmp T_2.13;
T_2.13 ;
    %pop/vec4 1;
T_2.5 ;
T_2.3 ;
T_2.1 ;
    %jmp T_2;
    .thread T_2;
    .scope S_0x5df334ac07e0;
T_3 ;
    %wait E_0x5df334a6d5b0;
    %load/vec4 v0x5df334ac1ca0_0;
    %flag_set/vec4 8;
    %jmp/0xz  T_3.0, 8;
    %pushi/vec4 0, 0, 8;
    %assign/vec4 v0x5df334ac2970_0, 0;
    %pushi/vec4 0, 0, 2;
    %assign/vec4 v0x5df334ac1e40_0, 0;
    %jmp T_3.1;
T_3.0 ;
    %load/vec4 v0x5df334ac28b0_0;
    %flag_set/vec4 8;
    %jmp/0xz  T_3.2, 8;
    %load/vec4 v0x5df334ac2970_0;
    %parti/s 7, 0, 2;
    %load/vec4 v0x5df334ac22e0_0;
    %concat/vec4; draw_concat_vec4
    %assign/vec4 v0x5df334ac2970_0, 0;
T_3.2 ;
    %load/vec4 v0x5df334ac2b10_0;
    %pushi/vec4 4, 0, 3;
    %cmp/e;
    %flag_get/vec4 4;
    %load/vec4 v0x5df334ac2160_0;
    %and;
    %load/vec4 v0x5df334ac2520_0;
    %pushi/vec4 0, 0, 1;
    %cmp/e;
    %flag_get/vec4 4;
    %and;
    %flag_set/vec4 8;
    %jmp/0xz  T_3.4, 8;
    %load/vec4 v0x5df334ac2970_0;
    %parti/s 2, 0, 2;
    %assign/vec4 v0x5df334ac1e40_0, 0;
T_3.4 ;
T_3.1 ;
    %jmp T_3;
    .thread T_3;
    .scope S_0x5df334ac07e0;
T_4 ;
    %wait E_0x5df334a6d5b0;
    %load/vec4 v0x5df334ac1ca0_0;
    %flag_set/vec4 8;
    %jmp/0xz  T_4.0, 8;
    %pushi/vec4 5, 0, 8;
    %assign/vec4 v0x5df334ac2cb0_0, 0;
    %pushi/vec4 160, 0, 8;
    %assign/vec4 v0x5df334ac2e70_0, 0;
    %pushi/vec4 0, 0, 8;
    %assign/vec4 v0x5df334ac1a20_0, 0;
    %jmp T_4.1;
T_4.0 ;
    %load/vec4 v0x5df334ac3030_0;
    %flag_set/vec4 8;
    %jmp/0xz  T_4.2, 8;
    %load/vec4 v0x5df334ac1e40_0;
    %dup/vec4;
    %pushi/vec4 0, 0, 2;
    %cmp/u;
    %jmp/1 T_4.4, 6;
    %dup/vec4;
    %pushi/vec4 1, 0, 2;
    %cmp/u;
    %jmp/1 T_4.5, 6;
    %dup/vec4;
    %pushi/vec4 2, 0, 2;
    %cmp/u;
    %jmp/1 T_4.6, 6;
    %jmp T_4.8;
T_4.4 ;
    %load/vec4 v0x5df334ac1d60_0;
    %assign/vec4 v0x5df334ac2cb0_0, 0;
    %jmp T_4.8;
T_4.5 ;
    %load/vec4 v0x5df334ac1d60_0;
    %assign/vec4 v0x5df334ac2e70_0, 0;
    %jmp T_4.8;
T_4.6 ;
    %load/vec4 v0x5df334ac1d60_0;
    %assign/vec4 v0x5df334ac1a20_0, 0;
    %jmp T_4.8;
T_4.8 ;
    %pop/vec4 1;
T_4.2 ;
T_4.1 ;
    %jmp T_4;
    .thread T_4;
    .scope S_0x5df334a66300;
T_5 ;
    %delay 5000, 0;
    %load/vec4 v0x5df334ac32f0_0;
    %inv;
    %store/vec4 v0x5df334ac32f0_0, 0, 1;
    %jmp T_5;
    .thread T_5;
    .scope S_0x5df334a66300;
T_6 ;
    %vpi_call 2 66 "$dumpfile", "tb/vcd_file/i2c_sim.vcd" {0 0 0};
    %vpi_call 2 67 "$dumpvars", 32'sb00000000000000000000000000000000, S_0x5df334a66300 {0 0 0};
    %pushi/vec4 0, 0, 1;
    %store/vec4 v0x5df334ac32f0_0, 0, 1;
    %pushi/vec4 1, 0, 1;
    %store/vec4 v0x5df334ac3390_0, 0, 1;
    %pushi/vec4 1, 0, 1;
    %store/vec4 v0x5df334ac3430_0, 0, 1;
    %pushi/vec4 1, 0, 1;
    %store/vec4 v0x5df334ac3500_0, 0, 1;
    %delay 100000, 0;
    %pushi/vec4 0, 0, 1;
    %store/vec4 v0x5df334ac3390_0, 0, 1;
    %delay 100000, 0;
    %vpi_call 2 73 "$display", "=== START SIMULATION I2C WRITE ===" {0 0 0};
    %pushi/vec4 0, 0, 1;
    %store/vec4 v0x5df334ac3500_0, 0, 1;
    %delay 50000, 0;
    %pushi/vec4 0, 0, 1;
    %store/vec4 v0x5df334ac3430_0, 0, 1;
    %pushi/vec4 160, 0, 8;
    %store/vec4 v0x5df334a6e4a0_0, 0, 8;
    %fork TD_tb_i2c_slave_config.i2c_write_byte, S_0x5df334a9f4d0;
    %join;
    %pushi/vec4 0, 0, 8;
    %store/vec4 v0x5df334a6e4a0_0, 0, 8;
    %fork TD_tb_i2c_slave_config.i2c_write_byte, S_0x5df334a9f4d0;
    %join;
    %pushi/vec4 10, 0, 8;
    %store/vec4 v0x5df334a6e4a0_0, 0, 8;
    %fork TD_tb_i2c_slave_config.i2c_write_byte, S_0x5df334a9f4d0;
    %join;
    %pushi/vec4 0, 0, 1;
    %store/vec4 v0x5df334ac3430_0, 0, 1;
    %pushi/vec4 0, 0, 1;
    %store/vec4 v0x5df334ac3500_0, 0, 1;
    %delay 50000, 0;
    %pushi/vec4 1, 0, 1;
    %store/vec4 v0x5df334ac3430_0, 0, 1;
    %delay 50000, 0;
    %pushi/vec4 1, 0, 1;
    %store/vec4 v0x5df334ac3500_0, 0, 1;
    %delay 100000, 0;
    %delay 200000, 0;
    %load/vec4 v0x5df334ac3740_0;
    %cmpi/e 10, 0, 8;
    %jmp/0xz  T_6.0, 4;
    %vpi_call 2 95 "$display", "SUCCESS: Threshold successfully updated to 0x0A" {0 0 0};
    %jmp T_6.1;
T_6.0 ;
    %vpi_call 2 97 "$display", "FAILED: Threshold not updated correctly. Expected 0x0A, got %h", v0x5df334ac3740_0 {0 0 0};
T_6.1 ;
    %vpi_call 2 99 "$display", "\012=== START SIMULATION I2C WRITE (TIMEOUT REG) ===" {0 0 0};
    %pushi/vec4 0, 0, 1;
    %store/vec4 v0x5df334ac3500_0, 0, 1;
    %delay 50000, 0;
    %pushi/vec4 0, 0, 1;
    %store/vec4 v0x5df334ac3430_0, 0, 1;
    %pushi/vec4 160, 0, 8;
    %store/vec4 v0x5df334a6e4a0_0, 0, 8;
    %fork TD_tb_i2c_slave_config.i2c_write_byte, S_0x5df334a9f4d0;
    %join;
    %pushi/vec4 1, 0, 8;
    %store/vec4 v0x5df334a6e4a0_0, 0, 8;
    %fork TD_tb_i2c_slave_config.i2c_write_byte, S_0x5df334a9f4d0;
    %join;
    %pushi/vec4 255, 0, 8;
    %store/vec4 v0x5df334a6e4a0_0, 0, 8;
    %fork TD_tb_i2c_slave_config.i2c_write_byte, S_0x5df334a9f4d0;
    %join;
    %pushi/vec4 0, 0, 1;
    %store/vec4 v0x5df334ac3430_0, 0, 1;
    %pushi/vec4 0, 0, 1;
    %store/vec4 v0x5df334ac3500_0, 0, 1;
    %delay 50000, 0;
    %pushi/vec4 1, 0, 1;
    %store/vec4 v0x5df334ac3430_0, 0, 1;
    %delay 50000, 0;
    %pushi/vec4 1, 0, 1;
    %store/vec4 v0x5df334ac3500_0, 0, 1;
    %delay 100000, 0;
    %delay 200000, 0;
    %load/vec4 v0x5df334ac3810_0;
    %cmpi/e 255, 0, 8;
    %jmp/0xz  T_6.2, 4;
    %vpi_call 2 121 "$display", "SUCCESS: timeout register successfully updated to 0xFF" {0 0 0};
    %jmp T_6.3;
T_6.2 ;
    %vpi_call 2 123 "$display", "FAILED: Timeout salah. Diharapkan 0xFF, terbaca %h", v0x5df334ac3810_0 {0 0 0};
T_6.3 ;
    %vpi_call 2 125 "$display", "\012=== START SIMULATION I2C WRITE (CAPACITOR CTRL REG) ===" {0 0 0};
    %pushi/vec4 0, 0, 1;
    %store/vec4 v0x5df334ac3500_0, 0, 1;
    %delay 50000, 0;
    %pushi/vec4 0, 0, 1;
    %store/vec4 v0x5df334ac3430_0, 0, 1;
    %pushi/vec4 160, 0, 8;
    %store/vec4 v0x5df334a6e4a0_0, 0, 8;
    %fork TD_tb_i2c_slave_config.i2c_write_byte, S_0x5df334a9f4d0;
    %join;
    %pushi/vec4 2, 0, 8;
    %store/vec4 v0x5df334a6e4a0_0, 0, 8;
    %fork TD_tb_i2c_slave_config.i2c_write_byte, S_0x5df334a9f4d0;
    %join;
    %pushi/vec4 85, 0, 8;
    %store/vec4 v0x5df334a6e4a0_0, 0, 8;
    %fork TD_tb_i2c_slave_config.i2c_write_byte, S_0x5df334a9f4d0;
    %join;
    %pushi/vec4 0, 0, 1;
    %store/vec4 v0x5df334ac3430_0, 0, 1;
    %pushi/vec4 0, 0, 1;
    %store/vec4 v0x5df334ac3500_0, 0, 1;
    %delay 50000, 0;
    %pushi/vec4 1, 0, 1;
    %store/vec4 v0x5df334ac3430_0, 0, 1;
    %delay 50000, 0;
    %pushi/vec4 1, 0, 1;
    %store/vec4 v0x5df334ac3500_0, 0, 1;
    %delay 100000, 0;
    %delay 200000, 0;
    %load/vec4 v0x5df334ac3210_0;
    %cmpi/e 85, 0, 8;
    %jmp/0xz  T_6.4, 4;
    %vpi_call 2 147 "$display", "SUCCESS: Capacitor Control register successfully updated to 0x55" {0 0 0};
    %jmp T_6.5;
T_6.4 ;
    %vpi_call 2 149 "$display", "FAILED: Capacitor Control salah. Diharapkan 0x55, terbaca %h", v0x5df334ac3210_0 {0 0 0};
T_6.5 ;
    %vpi_call 2 151 "$display", "\012=== TEST MULTIPLE CAPACITOR VALUES ===" {0 0 0};
    %pushi/vec4 0, 0, 1;
    %store/vec4 v0x5df334ac3500_0, 0, 1;
    %delay 50000, 0;
    %pushi/vec4 0, 0, 1;
    %store/vec4 v0x5df334ac3430_0, 0, 1;
    %pushi/vec4 160, 0, 8;
    %store/vec4 v0x5df334a6e4a0_0, 0, 8;
    %fork TD_tb_i2c_slave_config.i2c_write_byte, S_0x5df334a9f4d0;
    %join;
    %pushi/vec4 2, 0, 8;
    %store/vec4 v0x5df334a6e4a0_0, 0, 8;
    %fork TD_tb_i2c_slave_config.i2c_write_byte, S_0x5df334a9f4d0;
    %join;
    %pushi/vec4 170, 0, 8;
    %store/vec4 v0x5df334a6e4a0_0, 0, 8;
    %fork TD_tb_i2c_slave_config.i2c_write_byte, S_0x5df334a9f4d0;
    %join;
    %pushi/vec4 0, 0, 1;
    %store/vec4 v0x5df334ac3430_0, 0, 1;
    %pushi/vec4 0, 0, 1;
    %store/vec4 v0x5df334ac3500_0, 0, 1;
    %delay 50000, 0;
    %pushi/vec4 1, 0, 1;
    %store/vec4 v0x5df334ac3430_0, 0, 1;
    %delay 50000, 0;
    %pushi/vec4 1, 0, 1;
    %store/vec4 v0x5df334ac3500_0, 0, 1;
    %delay 100000, 0;
    %delay 200000, 0;
    %load/vec4 v0x5df334ac3210_0;
    %cmpi/e 170, 0, 8;
    %jmp/0xz  T_6.6, 4;
    %vpi_call 2 164 "$display", "SUCCESS: Capacitor Control register successfully updated to 0xAA" {0 0 0};
    %jmp T_6.7;
T_6.6 ;
    %vpi_call 2 166 "$display", "FAILED: Capacitor Control salah. Diharapkan 0xAA, terbaca %h", v0x5df334ac3210_0 {0 0 0};
T_6.7 ;
    %vpi_call 2 168 "$display", "\012=== VERIFY ALL REGISTERS ===" {0 0 0};
    %vpi_call 2 169 "$display", "Threshold Register    : 0x%h (Expected: 0x0A)", v0x5df334ac3740_0 {0 0 0};
    %vpi_call 2 170 "$display", "Timeout Register      : 0x%h (Expected: 0xFF)", v0x5df334ac3810_0 {0 0 0};
    %vpi_call 2 171 "$display", "Capacitor Ctrl Register: 0x%h (Expected: 0xAA)", v0x5df334ac3210_0 {0 0 0};
    %vpi_call 2 173 "$display", "\012=== simulation complete ===" {0 0 0};
    %vpi_call 2 174 "$finish" {0 0 0};
    %end;
    .thread T_6;
# The file index is used to find the file name in the following table.
:file_names 4;
    "N/A";
    "<interactive>";
    "tb/tb_i2c_slave_config.v";
    "i2c_slave_config.v";
