#! /usr/bin/vvp
:ivl_version "11.0 (stable)";
:ivl_delay_selection "TYPICAL";
:vpi_time_precision - 12;
:vpi_module "/usr/lib/x86_64-linux-gnu/ivl/system.vpi";
:vpi_module "/usr/lib/x86_64-linux-gnu/ivl/vhdl_sys.vpi";
:vpi_module "/usr/lib/x86_64-linux-gnu/ivl/vhdl_textio.vpi";
:vpi_module "/usr/lib/x86_64-linux-gnu/ivl/v2005_math.vpi";
:vpi_module "/usr/lib/x86_64-linux-gnu/ivl/va_math.vpi";
S_0x63af62658c60 .scope module, "tb_top" "tb_top" 2 3;
 .timescale -9 -12;
P_0x63af6265a280 .param/l "CLK_PERIOD" 0 2 4, +C4<00000000000000000000000000001010>;
P_0x63af6265a2c0 .param/l "SLAVE_ADDR" 0 2 5, C4<1010000>;
v0x63af62682490_0 .var "clk", 0 0;
v0x63af62682550_0 .net "count_reg", 7 0, L_0x63af62684980;  1 drivers
v0x63af62682660_0 .var "en", 0 0;
v0x63af62682700_0 .var "scl", 0 0;
v0x63af626827f0_0 .var "sda_in", 0 0;
v0x63af62682930_0 .net "sda_oe", 0 0, v0x63af6267e320_0;  1 drivers
v0x63af62682a20_0 .net "sda_out", 0 0, v0x63af6267e3e0_0;  1 drivers
v0x63af62682b10_0 .var "signal_in", 0 0;
v0x63af62682c00_0 .net "trigger_out", 0 0, L_0x63af62684a40;  1 drivers
S_0x63af6264dd90 .scope module, "dut" "top" 2 23, 3 1 0, S_0x63af62658c60;
 .timescale 0 0;
    .port_info 0 /INPUT 1 "clk";
    .port_info 1 /INPUT 1 "en";
    .port_info 2 /INPUT 1 "signal_in";
    .port_info 3 /INPUT 1 "scl";
    .port_info 4 /INPUT 1 "sda_in";
    .port_info 5 /OUTPUT 1 "sda_out";
    .port_info 6 /OUTPUT 1 "sda_oe";
    .port_info 7 /OUTPUT 1 "trigger_out";
    .port_info 8 /OUTPUT 8 "count_reg";
    .port_info 9 /OUTPUT 8 "capacitor_ctrl";
P_0x63af6263ceb0 .param/l "SLAVE_ADDR" 0 3 2, C4<1010000>;
L_0x63af626840d0 .functor BUFZ 8, v0x63af6267d820_0, C4<00000000>, C4<00000000>, C4<00000000>;
v0x63af62680eb0_0 .net "capacitor_ctrl", 7 0, L_0x63af626840d0;  1 drivers
v0x63af62680fb0_0 .net "capacitor_ctrl_w", 7 0, v0x63af6267d820_0;  1 drivers
v0x63af62681070_0 .net "clk", 0 0, v0x63af62682490_0;  1 drivers
v0x63af62681140_0 .net "count_reg", 7 0, L_0x63af62684980;  alias, 1 drivers
v0x63af62681210_0 .net "en", 0 0, v0x63af62682660_0;  1 drivers
v0x63af626812b0_0 .net "pulse_w", 0 0, L_0x63af6264e980;  1 drivers
v0x63af62681350_0 .net "scl", 0 0, v0x63af62682700_0;  1 drivers
v0x63af626813f0_0 .net "sda_in", 0 0, v0x63af626827f0_0;  1 drivers
v0x63af626814c0_0 .net "sda_oe", 0 0, v0x63af6267e320_0;  alias, 1 drivers
v0x63af62681590_0 .net "sda_out", 0 0, v0x63af6267e3e0_0;  alias, 1 drivers
v0x63af62681660_0 .net "signal_in", 0 0, v0x63af62682b10_0;  1 drivers
v0x63af62681730_0 .net "threshold_w", 7 0, v0x63af6267eab0_0;  1 drivers
v0x63af626817d0_0 .net "timeout_rst_w", 0 0, L_0x63af62684480;  1 drivers
v0x63af62681870_0 .net "timeout_val_w", 7 0, v0x63af6267ec70_0;  1 drivers
v0x63af62681910_0 .net "trigger_internal", 0 0, L_0x63af62684870;  1 drivers
v0x63af626819b0_0 .net "trigger_out", 0 0, L_0x63af62684a40;  alias, 1 drivers
L_0x63af62684a40 .functor MUXZ 1, L_0x63af62684870, v0x63af62682b10_0, v0x63af62682660_0, C4<>;
S_0x63af62612420 .scope module, "u_i2c_config" "i2c_slave_config" 3 41, 4 1 0, S_0x63af6264dd90;
 .timescale 0 0;
    .port_info 0 /INPUT 1 "clk";
    .port_info 1 /INPUT 1 "en";
    .port_info 2 /INPUT 1 "scl";
    .port_info 3 /INPUT 1 "sda_in";
    .port_info 4 /OUTPUT 1 "sda_out";
    .port_info 5 /OUTPUT 1 "sda_oe";
    .port_info 6 /OUTPUT 8 "threshold_reg";
    .port_info 7 /OUTPUT 8 "timeout_reg";
    .port_info 8 /OUTPUT 8 "capacitor_ctrl_reg";
P_0x63af6264b570 .param/l "ADDR" 1 4 33, C4<001>;
P_0x63af6264b5b0 .param/l "ADDR_ACK" 1 4 33, C4<010>;
P_0x63af6264b5f0 .param/l "DATA" 1 4 33, C4<101>;
P_0x63af6264b630 .param/l "DATA_ACK" 1 4 33, C4<110>;
P_0x63af6264b670 .param/l "IDLE" 1 4 33, C4<000>;
P_0x63af6264b6b0 .param/l "REGADDR" 1 4 33, C4<011>;
P_0x63af6264b6f0 .param/l "REGADDR_ACK" 1 4 33, C4<100>;
P_0x63af6264b730 .param/l "SLAVE_ADDR" 0 4 2, C4<1010000>;
L_0x63af62653430 .functor NOT 1, v0x63af6267dea0_0, C4<0>, C4<0>, C4<0>;
L_0x63af626543c0 .functor AND 1, v0x63af6267dde0_0, L_0x63af62653430, C4<1>, C4<1>;
L_0x63af62660020 .functor NOT 1, v0x63af6267dde0_0, C4<0>, C4<0>, C4<0>;
L_0x63af62660270 .functor AND 1, L_0x63af62660020, v0x63af6267dea0_0, C4<1>, C4<1>;
L_0x63af62682ee0 .functor AND 1, v0x63af6267dde0_0, v0x63af6267dea0_0, C4<1>, C4<1>;
L_0x63af62682f50 .functor NOT 1, v0x63af6267e0e0_0, C4<0>, C4<0>, C4<0>;
L_0x63af62683030 .functor AND 1, L_0x63af62682ee0, L_0x63af62682f50, C4<1>, C4<1>;
L_0x63af62683140 .functor AND 1, L_0x63af62683030, v0x63af6267e1a0_0, C4<1>, C4<1>;
L_0x63af62683250 .functor AND 1, v0x63af6267dde0_0, v0x63af6267dea0_0, C4<1>, C4<1>;
L_0x63af626833e0 .functor AND 1, L_0x63af62683250, v0x63af6267e0e0_0, C4<1>, C4<1>;
L_0x63af626834e0 .functor NOT 1, v0x63af6267e1a0_0, C4<0>, C4<0>, C4<0>;
L_0x63af62683550 .functor AND 1, L_0x63af626833e0, L_0x63af626834e0, C4<1>, C4<1>;
L_0x63af62683930 .functor OR 1, L_0x63af626836d0, L_0x63af626837c0, C4<0>, C4<0>;
L_0x63af62683b30 .functor OR 1, L_0x63af62683930, L_0x63af62683a40, C4<0>, C4<0>;
L_0x63af62683660 .functor AND 1, L_0x63af62683b30, L_0x63af626543c0, C4<1>, C4<1>;
L_0x63af62683d60 .functor BUFZ 8, v0x63af6267e770_0, C4<00000000>, C4<00000000>, C4<00000000>;
v0x63af62659890_0 .net *"_ivl_0", 0 0, L_0x63af62653430;  1 drivers
v0x63af6264eaa0_0 .net *"_ivl_10", 0 0, L_0x63af62682f50;  1 drivers
v0x63af6264eba0_0 .net *"_ivl_12", 0 0, L_0x63af62683030;  1 drivers
v0x63af62653550_0 .net *"_ivl_16", 0 0, L_0x63af62683250;  1 drivers
v0x63af626535f0_0 .net *"_ivl_18", 0 0, L_0x63af626833e0;  1 drivers
v0x63af62654520_0 .net *"_ivl_20", 0 0, L_0x63af626834e0;  1 drivers
L_0x7c68ded86018 .functor BUFT 1, C4<001>, C4<0>, C4<0>, C4<0>;
v0x63af626545c0_0 .net/2u *"_ivl_24", 2 0, L_0x7c68ded86018;  1 drivers
v0x63af6267d000_0 .net *"_ivl_26", 0 0, L_0x63af626836d0;  1 drivers
L_0x7c68ded86060 .functor BUFT 1, C4<011>, C4<0>, C4<0>, C4<0>;
v0x63af6267d0c0_0 .net/2u *"_ivl_28", 2 0, L_0x7c68ded86060;  1 drivers
v0x63af6267d1a0_0 .net *"_ivl_30", 0 0, L_0x63af626837c0;  1 drivers
v0x63af6267d260_0 .net *"_ivl_33", 0 0, L_0x63af62683930;  1 drivers
L_0x7c68ded860a8 .functor BUFT 1, C4<101>, C4<0>, C4<0>, C4<0>;
v0x63af6267d320_0 .net/2u *"_ivl_34", 2 0, L_0x7c68ded860a8;  1 drivers
v0x63af6267d400_0 .net *"_ivl_36", 0 0, L_0x63af62683a40;  1 drivers
v0x63af6267d4c0_0 .net *"_ivl_39", 0 0, L_0x63af62683b30;  1 drivers
v0x63af6267d580_0 .net *"_ivl_4", 0 0, L_0x63af62660020;  1 drivers
v0x63af6267d660_0 .net *"_ivl_8", 0 0, L_0x63af62682ee0;  1 drivers
v0x63af6267d740_0 .var "bit_cnt", 3 0;
v0x63af6267d820_0 .var "capacitor_ctrl_int", 7 0;
v0x63af6267d900_0 .net "capacitor_ctrl_reg", 7 0, v0x63af6267d820_0;  alias, 1 drivers
v0x63af6267d9e0_0 .net "clk", 0 0, v0x63af62682490_0;  alias, 1 drivers
v0x63af6267daa0_0 .net "en", 0 0, v0x63af62682660_0;  alias, 1 drivers
v0x63af6267db60_0 .net "parallel_data", 7 0, L_0x63af62683d60;  1 drivers
v0x63af6267dc40_0 .var "reg_addr", 1 0;
v0x63af6267dd20_0 .net "scl", 0 0, v0x63af62682700_0;  alias, 1 drivers
v0x63af6267dde0_0 .var "scl_d1", 0 0;
v0x63af6267dea0_0 .var "scl_d2", 0 0;
v0x63af6267df60_0 .net "scl_fall", 0 0, L_0x63af62660270;  1 drivers
v0x63af6267e020_0 .net "scl_rise", 0 0, L_0x63af626543c0;  1 drivers
v0x63af6267e0e0_0 .var "sda_d1", 0 0;
v0x63af6267e1a0_0 .var "sda_d2", 0 0;
v0x63af6267e260_0 .net "sda_in", 0 0, v0x63af626827f0_0;  alias, 1 drivers
v0x63af6267e320_0 .var "sda_oe", 0 0;
v0x63af6267e3e0_0 .var "sda_out", 0 0;
v0x63af6267e6b0_0 .net "shift_en", 0 0, L_0x63af62683660;  1 drivers
v0x63af6267e770_0 .var "shift_reg_internal", 7 0;
v0x63af6267e850_0 .net "start_det", 0 0, L_0x63af62683140;  1 drivers
v0x63af6267e910_0 .var "state", 2 0;
v0x63af6267e9f0_0 .net "stop_det", 0 0, L_0x63af62683550;  1 drivers
v0x63af6267eab0_0 .var "threshold_int", 7 0;
v0x63af6267eb90_0 .net "threshold_reg", 7 0, v0x63af6267eab0_0;  alias, 1 drivers
v0x63af6267ec70_0 .var "timeout_int", 7 0;
v0x63af6267ed50_0 .net "timeout_reg", 7 0, v0x63af6267ec70_0;  alias, 1 drivers
v0x63af6267ee30_0 .var "write_en", 0 0;
E_0x63af6262f620 .event posedge, v0x63af6267daa0_0, v0x63af6267d9e0_0;
L_0x63af626836d0 .cmp/eq 3, v0x63af6267e910_0, L_0x7c68ded86018;
L_0x63af626837c0 .cmp/eq 3, v0x63af6267e910_0, L_0x7c68ded86060;
L_0x63af62683a40 .cmp/eq 3, v0x63af6267e910_0, L_0x7c68ded860a8;
S_0x63af6267f010 .scope module, "u_main_cnt" "main_event_counter" 3 67, 5 1 0, S_0x63af6264dd90;
 .timescale 0 0;
    .port_info 0 /INPUT 1 "clk";
    .port_info 1 /INPUT 1 "en";
    .port_info 2 /INPUT 1 "pulse_in";
    .port_info 3 /INPUT 1 "timeout_rst";
    .port_info 4 /INPUT 8 "threshold";
    .port_info 5 /OUTPUT 1 "trigger_out";
    .port_info 6 /OUTPUT 8 "count_reg";
L_0x63af62684760 .functor AND 1, L_0x63af62684540, L_0x63af62684670, C4<1>, C4<1>;
L_0x63af62684870 .functor BUFZ 1, L_0x63af62684760, C4<0>, C4<0>, C4<0>;
L_0x63af62684980 .functor BUFZ 8, v0x63af6267f720_0, C4<00000000>, C4<00000000>, C4<00000000>;
v0x63af6267f270_0 .net *"_ivl_0", 0 0, L_0x63af62684540;  1 drivers
L_0x7c68ded86138 .functor BUFT 1, C4<00000000>, C4<0>, C4<0>, C4<0>;
v0x63af6267f330_0 .net/2u *"_ivl_2", 7 0, L_0x7c68ded86138;  1 drivers
v0x63af6267f410_0 .net *"_ivl_4", 0 0, L_0x63af62684670;  1 drivers
v0x63af6267f4b0_0 .net "auto_reset", 0 0, L_0x63af62684760;  1 drivers
v0x63af6267f570_0 .net "clk", 0 0, v0x63af62682490_0;  alias, 1 drivers
v0x63af6267f660_0 .net "count_reg", 7 0, L_0x63af62684980;  alias, 1 drivers
v0x63af6267f720_0 .var "current_count", 7 0;
v0x63af6267f800_0 .net "en", 0 0, v0x63af62682660_0;  alias, 1 drivers
v0x63af6267f8a0_0 .net "pulse_in", 0 0, L_0x63af6264e980;  alias, 1 drivers
v0x63af6267f940_0 .net "threshold", 7 0, v0x63af6267eab0_0;  alias, 1 drivers
v0x63af6267fa00_0 .net "timeout_rst", 0 0, L_0x63af62684480;  alias, 1 drivers
v0x63af6267faa0_0 .net "trigger_out", 0 0, L_0x63af62684870;  alias, 1 drivers
L_0x63af62684540 .cmp/eq 8, v0x63af6267f720_0, v0x63af6267eab0_0;
L_0x63af62684670 .cmp/ne 8, v0x63af6267eab0_0, L_0x7c68ded86138;
S_0x63af6267fc40 .scope module, "u_pulse_gen" "pulse_generator" 3 31, 6 1 0, S_0x63af6264dd90;
 .timescale 0 0;
    .port_info 0 /INPUT 1 "clk";
    .port_info 1 /INPUT 1 "en";
    .port_info 2 /INPUT 1 "signal_in";
    .port_info 3 /OUTPUT 1 "pulse_out";
L_0x63af62659620 .functor NOT 1, v0x63af62680270_0, C4<0>, C4<0>, C4<0>;
L_0x63af6264e980 .functor AND 1, v0x63af62680180_0, L_0x63af62659620, C4<1>, C4<1>;
v0x63af6267fe00_0 .net *"_ivl_0", 0 0, L_0x63af62659620;  1 drivers
v0x63af6267fee0_0 .net "clk", 0 0, v0x63af62682490_0;  alias, 1 drivers
v0x63af6267fff0_0 .net "en", 0 0, v0x63af62682660_0;  alias, 1 drivers
v0x63af626800e0_0 .net "pulse_out", 0 0, L_0x63af6264e980;  alias, 1 drivers
v0x63af62680180_0 .var "signal_d1", 0 0;
v0x63af62680270_0 .var "signal_d2", 0 0;
v0x63af62680310_0 .net "signal_in", 0 0, v0x63af62682b10_0;  alias, 1 drivers
S_0x63af62680430 .scope module, "u_timeout_cnt" "timeout_counter" 3 57, 7 1 0, S_0x63af6264dd90;
 .timescale 0 0;
    .port_info 0 /INPUT 1 "clk";
    .port_info 1 /INPUT 1 "en";
    .port_info 2 /INPUT 1 "pulse_in";
    .port_info 3 /INPUT 8 "timeout_val";
    .port_info 4 /OUTPUT 1 "timeout_rst";
L_0x63af62684370 .functor AND 1, L_0x63af62684170, L_0x63af626842a0, C4<1>, C4<1>;
L_0x63af62684480 .functor BUFZ 1, L_0x63af62684370, C4<0>, C4<0>, C4<0>;
v0x63af62680610_0 .net *"_ivl_0", 0 0, L_0x63af62684170;  1 drivers
L_0x7c68ded860f0 .functor BUFT 1, C4<00000000>, C4<0>, C4<0>, C4<0>;
v0x63af626806f0_0 .net/2u *"_ivl_2", 7 0, L_0x7c68ded860f0;  1 drivers
v0x63af626807d0_0 .net *"_ivl_4", 0 0, L_0x63af626842a0;  1 drivers
v0x63af626808a0_0 .net "auto_reset", 0 0, L_0x63af62684370;  1 drivers
v0x63af62680960_0 .net "clk", 0 0, v0x63af62682490_0;  alias, 1 drivers
v0x63af62680a50_0 .net "en", 0 0, v0x63af62682660_0;  alias, 1 drivers
v0x63af62680af0_0 .net "pulse_in", 0 0, L_0x63af6264e980;  alias, 1 drivers
v0x63af62680be0_0 .net "timeout_rst", 0 0, L_0x63af62684480;  alias, 1 drivers
v0x63af62680c80_0 .net "timeout_val", 7 0, v0x63af6267ec70_0;  alias, 1 drivers
v0x63af62680d20_0 .var "timer_count", 7 0;
L_0x63af62684170 .cmp/ge 8, v0x63af62680d20_0, v0x63af6267ec70_0;
L_0x63af626842a0 .cmp/ne 8, v0x63af6267ec70_0, L_0x7c68ded860f0;
S_0x63af62681b50 .scope task, "i2c_write_byte" "i2c_write_byte" 2 38, 2 38 0, S_0x63af62658c60;
 .timescale -9 -12;
v0x63af62681d50_0 .var "data", 7 0;
v0x63af62681e30_0 .var/i "i", 31 0;
TD_tb_top.i2c_write_byte ;
    %pushi/vec4 7, 0, 32;
    %store/vec4 v0x63af62681e30_0, 0, 32;
T_0.0 ;
    %load/vec4 v0x63af62681e30_0;
    %cmpi/s 0, 0, 32;
    %flag_inv 5; GE is !LT
    %jmp/0xz T_0.1, 5;
    %pushi/vec4 0, 0, 1;
    %store/vec4 v0x63af62682700_0, 0, 1;
    %delay 50000, 0;
    %load/vec4 v0x63af62681d50_0;
    %load/vec4 v0x63af62681e30_0;
    %part/s 1;
    %store/vec4 v0x63af626827f0_0, 0, 1;
    %delay 50000, 0;
    %pushi/vec4 1, 0, 1;
    %store/vec4 v0x63af62682700_0, 0, 1;
    %delay 100000, 0;
    %pushi/vec4 0, 0, 1;
    %store/vec4 v0x63af62682700_0, 0, 1;
    %delay 50000, 0;
    %load/vec4 v0x63af62681e30_0;
    %subi 1, 0, 32;
    %store/vec4 v0x63af62681e30_0, 0, 32;
    %jmp T_0.0;
T_0.1 ;
    %pushi/vec4 1, 0, 1;
    %store/vec4 v0x63af626827f0_0, 0, 1;
    %pushi/vec4 1, 0, 1;
    %store/vec4 v0x63af62682700_0, 0, 1;
    %delay 100000, 0;
    %pushi/vec4 0, 0, 1;
    %store/vec4 v0x63af62682700_0, 0, 1;
    %delay 50000, 0;
    %end;
S_0x63af62681f10 .scope task, "i2c_write_reg" "i2c_write_reg" 2 53, 2 53 0, S_0x63af62658c60;
 .timescale -9 -12;
v0x63af626820f0_0 .var "data", 7 0;
v0x63af626821d0_0 .var "reg_addr", 7 0;
TD_tb_top.i2c_write_reg ;
    %vpi_call 2 55 "$display", "[%0t ns] I2C Write -> Reg 0x%h = 0x%h", $time, v0x63af626821d0_0, v0x63af626820f0_0 {0 0 0};
    %pushi/vec4 0, 0, 1;
    %store/vec4 v0x63af626827f0_0, 0, 1;
    %delay 50000, 0;
    %pushi/vec4 0, 0, 1;
    %store/vec4 v0x63af62682700_0, 0, 1;
    %pushi/vec4 160, 0, 8;
    %store/vec4 v0x63af62681d50_0, 0, 8;
    %fork TD_tb_top.i2c_write_byte, S_0x63af62681b50;
    %join;
    %load/vec4 v0x63af626821d0_0;
    %store/vec4 v0x63af62681d50_0, 0, 8;
    %fork TD_tb_top.i2c_write_byte, S_0x63af62681b50;
    %join;
    %load/vec4 v0x63af626820f0_0;
    %store/vec4 v0x63af62681d50_0, 0, 8;
    %fork TD_tb_top.i2c_write_byte, S_0x63af62681b50;
    %join;
    %pushi/vec4 0, 0, 1;
    %store/vec4 v0x63af62682700_0, 0, 1;
    %pushi/vec4 0, 0, 1;
    %store/vec4 v0x63af626827f0_0, 0, 1;
    %delay 50000, 0;
    %pushi/vec4 1, 0, 1;
    %store/vec4 v0x63af62682700_0, 0, 1;
    %delay 50000, 0;
    %pushi/vec4 1, 0, 1;
    %store/vec4 v0x63af626827f0_0, 0, 1;
    %delay 100000, 0;
    %end;
S_0x63af626822b0 .scope task, "send_external_pulse" "send_external_pulse" 2 71, 2 71 0, S_0x63af62658c60;
 .timescale -9 -12;
TD_tb_top.send_external_pulse ;
    %pushi/vec4 1, 0, 1;
    %store/vec4 v0x63af62682b10_0, 0, 1;
    %delay 30000, 0;
    %pushi/vec4 0, 0, 1;
    %store/vec4 v0x63af62682b10_0, 0, 1;
    %delay 30000, 0;
    %end;
    .scope S_0x63af6267fc40;
T_3 ;
    %wait E_0x63af6262f620;
    %load/vec4 v0x63af6267fff0_0;
    %flag_set/vec4 8;
    %jmp/0xz  T_3.0, 8;
    %pushi/vec4 0, 0, 1;
    %assign/vec4 v0x63af62680180_0, 0;
    %pushi/vec4 0, 0, 1;
    %assign/vec4 v0x63af62680270_0, 0;
    %jmp T_3.1;
T_3.0 ;
    %load/vec4 v0x63af62680310_0;
    %assign/vec4 v0x63af62680180_0, 0;
    %load/vec4 v0x63af62680180_0;
    %assign/vec4 v0x63af62680270_0, 0;
T_3.1 ;
    %jmp T_3;
    .thread T_3;
    .scope S_0x63af62612420;
T_4 ;
    %wait E_0x63af6262f620;
    %load/vec4 v0x63af6267daa0_0;
    %flag_set/vec4 8;
    %jmp/0xz  T_4.0, 8;
    %pushi/vec4 1, 0, 1;
    %assign/vec4 v0x63af6267dde0_0, 0;
    %pushi/vec4 1, 0, 1;
    %assign/vec4 v0x63af6267dea0_0, 0;
    %pushi/vec4 1, 0, 1;
    %assign/vec4 v0x63af6267e0e0_0, 0;
    %pushi/vec4 1, 0, 1;
    %assign/vec4 v0x63af6267e1a0_0, 0;
    %jmp T_4.1;
T_4.0 ;
    %load/vec4 v0x63af6267dd20_0;
    %assign/vec4 v0x63af6267dde0_0, 0;
    %load/vec4 v0x63af6267dde0_0;
    %assign/vec4 v0x63af6267dea0_0, 0;
    %load/vec4 v0x63af6267e260_0;
    %assign/vec4 v0x63af6267e0e0_0, 0;
    %load/vec4 v0x63af6267e0e0_0;
    %assign/vec4 v0x63af6267e1a0_0, 0;
T_4.1 ;
    %jmp T_4;
    .thread T_4;
    .scope S_0x63af62612420;
T_5 ;
    %wait E_0x63af6262f620;
    %load/vec4 v0x63af6267daa0_0;
    %flag_set/vec4 8;
    %jmp/0xz  T_5.0, 8;
    %pushi/vec4 0, 0, 3;
    %assign/vec4 v0x63af6267e910_0, 0;
    %pushi/vec4 0, 0, 4;
    %assign/vec4 v0x63af6267d740_0, 0;
    %pushi/vec4 1, 0, 1;
    %assign/vec4 v0x63af6267e3e0_0, 0;
    %pushi/vec4 0, 0, 1;
    %assign/vec4 v0x63af6267e320_0, 0;
    %pushi/vec4 0, 0, 1;
    %assign/vec4 v0x63af6267ee30_0, 0;
    %jmp T_5.1;
T_5.0 ;
    %pushi/vec4 0, 0, 1;
    %assign/vec4 v0x63af6267ee30_0, 0;
    %load/vec4 v0x63af6267e850_0;
    %flag_set/vec4 8;
    %jmp/0xz  T_5.2, 8;
    %pushi/vec4 1, 0, 3;
    %assign/vec4 v0x63af6267e910_0, 0;
    %pushi/vec4 0, 0, 4;
    %assign/vec4 v0x63af6267d740_0, 0;
    %pushi/vec4 0, 0, 1;
    %assign/vec4 v0x63af6267e320_0, 0;
    %jmp T_5.3;
T_5.2 ;
    %load/vec4 v0x63af6267e9f0_0;
    %flag_set/vec4 8;
    %jmp/0xz  T_5.4, 8;
    %pushi/vec4 0, 0, 3;
    %assign/vec4 v0x63af6267e910_0, 0;
    %pushi/vec4 0, 0, 1;
    %assign/vec4 v0x63af6267e320_0, 0;
    %jmp T_5.5;
T_5.4 ;
    %load/vec4 v0x63af6267e910_0;
    %dup/vec4;
    %pushi/vec4 1, 0, 3;
    %cmp/u;
    %jmp/1 T_5.6, 6;
    %dup/vec4;
    %pushi/vec4 2, 0, 3;
    %cmp/u;
    %jmp/1 T_5.7, 6;
    %dup/vec4;
    %pushi/vec4 3, 0, 3;
    %cmp/u;
    %jmp/1 T_5.8, 6;
    %dup/vec4;
    %pushi/vec4 4, 0, 3;
    %cmp/u;
    %jmp/1 T_5.9, 6;
    %dup/vec4;
    %pushi/vec4 5, 0, 3;
    %cmp/u;
    %jmp/1 T_5.10, 6;
    %dup/vec4;
    %pushi/vec4 6, 0, 3;
    %cmp/u;
    %jmp/1 T_5.11, 6;
    %pushi/vec4 0, 0, 3;
    %assign/vec4 v0x63af6267e910_0, 0;
    %jmp T_5.13;
T_5.6 ;
    %load/vec4 v0x63af6267e6b0_0;
    %flag_set/vec4 8;
    %jmp/0xz  T_5.14, 8;
    %load/vec4 v0x63af6267d740_0;
    %addi 1, 0, 4;
    %assign/vec4 v0x63af6267d740_0, 0;
    %load/vec4 v0x63af6267d740_0;
    %cmpi/e 7, 0, 4;
    %jmp/0xz  T_5.16, 4;
    %pushi/vec4 2, 0, 3;
    %assign/vec4 v0x63af6267e910_0, 0;
T_5.16 ;
T_5.14 ;
    %jmp T_5.13;
T_5.7 ;
    %load/vec4 v0x63af6267df60_0;
    %flag_set/vec4 8;
    %jmp/0xz  T_5.18, 8;
    %load/vec4 v0x63af6267e320_0;
    %cmpi/e 0, 0, 1;
    %jmp/0xz  T_5.20, 4;
    %load/vec4 v0x63af6267db60_0;
    %parti/s 7, 1, 2;
    %pushi/vec4 80, 0, 7;
    %cmp/e;
    %flag_get/vec4 4;
    %load/vec4 v0x63af6267db60_0;
    %parti/s 1, 0, 2;
    %pushi/vec4 0, 0, 1;
    %cmp/e;
    %flag_get/vec4 4;
    %and;
    %flag_set/vec4 8;
    %jmp/0xz  T_5.22, 8;
    %pushi/vec4 0, 0, 1;
    %assign/vec4 v0x63af6267e3e0_0, 0;
    %pushi/vec4 1, 0, 1;
    %assign/vec4 v0x63af6267e320_0, 0;
    %jmp T_5.23;
T_5.22 ;
    %pushi/vec4 0, 0, 3;
    %assign/vec4 v0x63af6267e910_0, 0;
T_5.23 ;
    %jmp T_5.21;
T_5.20 ;
    %pushi/vec4 0, 0, 1;
    %assign/vec4 v0x63af6267e320_0, 0;
    %pushi/vec4 3, 0, 3;
    %assign/vec4 v0x63af6267e910_0, 0;
    %pushi/vec4 0, 0, 4;
    %assign/vec4 v0x63af6267d740_0, 0;
T_5.21 ;
T_5.18 ;
    %jmp T_5.13;
T_5.8 ;
    %load/vec4 v0x63af6267e6b0_0;
    %flag_set/vec4 8;
    %jmp/0xz  T_5.24, 8;
    %load/vec4 v0x63af6267d740_0;
    %addi 1, 0, 4;
    %assign/vec4 v0x63af6267d740_0, 0;
    %load/vec4 v0x63af6267d740_0;
    %cmpi/e 7, 0, 4;
    %jmp/0xz  T_5.26, 4;
    %pushi/vec4 4, 0, 3;
    %assign/vec4 v0x63af6267e910_0, 0;
T_5.26 ;
T_5.24 ;
    %jmp T_5.13;
T_5.9 ;
    %load/vec4 v0x63af6267df60_0;
    %flag_set/vec4 8;
    %jmp/0xz  T_5.28, 8;
    %load/vec4 v0x63af6267e320_0;
    %cmpi/e 0, 0, 1;
    %jmp/0xz  T_5.30, 4;
    %pushi/vec4 0, 0, 1;
    %assign/vec4 v0x63af6267e3e0_0, 0;
    %pushi/vec4 1, 0, 1;
    %assign/vec4 v0x63af6267e320_0, 0;
    %jmp T_5.31;
T_5.30 ;
    %pushi/vec4 0, 0, 1;
    %assign/vec4 v0x63af6267e320_0, 0;
    %pushi/vec4 5, 0, 3;
    %assign/vec4 v0x63af6267e910_0, 0;
    %pushi/vec4 0, 0, 4;
    %assign/vec4 v0x63af6267d740_0, 0;
T_5.31 ;
T_5.28 ;
    %jmp T_5.13;
T_5.10 ;
    %load/vec4 v0x63af6267e6b0_0;
    %flag_set/vec4 8;
    %jmp/0xz  T_5.32, 8;
    %load/vec4 v0x63af6267d740_0;
    %addi 1, 0, 4;
    %assign/vec4 v0x63af6267d740_0, 0;
    %load/vec4 v0x63af6267d740_0;
    %cmpi/e 7, 0, 4;
    %jmp/0xz  T_5.34, 4;
    %pushi/vec4 6, 0, 3;
    %assign/vec4 v0x63af6267e910_0, 0;
T_5.34 ;
T_5.32 ;
    %jmp T_5.13;
T_5.11 ;
    %load/vec4 v0x63af6267df60_0;
    %flag_set/vec4 8;
    %jmp/0xz  T_5.36, 8;
    %load/vec4 v0x63af6267e320_0;
    %cmpi/e 0, 0, 1;
    %jmp/0xz  T_5.38, 4;
    %pushi/vec4 0, 0, 1;
    %assign/vec4 v0x63af6267e3e0_0, 0;
    %pushi/vec4 1, 0, 1;
    %assign/vec4 v0x63af6267e320_0, 0;
    %pushi/vec4 1, 0, 1;
    %assign/vec4 v0x63af6267ee30_0, 0;
    %jmp T_5.39;
T_5.38 ;
    %pushi/vec4 0, 0, 1;
    %assign/vec4 v0x63af6267e320_0, 0;
    %pushi/vec4 5, 0, 3;
    %assign/vec4 v0x63af6267e910_0, 0;
    %pushi/vec4 0, 0, 4;
    %assign/vec4 v0x63af6267d740_0, 0;
T_5.39 ;
T_5.36 ;
    %jmp T_5.13;
T_5.13 ;
    %pop/vec4 1;
T_5.5 ;
T_5.3 ;
T_5.1 ;
    %jmp T_5;
    .thread T_5;
    .scope S_0x63af62612420;
T_6 ;
    %wait E_0x63af6262f620;
    %load/vec4 v0x63af6267daa0_0;
    %flag_set/vec4 8;
    %jmp/0xz  T_6.0, 8;
    %pushi/vec4 0, 0, 8;
    %assign/vec4 v0x63af6267e770_0, 0;
    %pushi/vec4 0, 0, 2;
    %assign/vec4 v0x63af6267dc40_0, 0;
    %jmp T_6.1;
T_6.0 ;
    %load/vec4 v0x63af6267e6b0_0;
    %flag_set/vec4 8;
    %jmp/0xz  T_6.2, 8;
    %load/vec4 v0x63af6267e770_0;
    %parti/s 7, 0, 2;
    %load/vec4 v0x63af6267e0e0_0;
    %concat/vec4; draw_concat_vec4
    %assign/vec4 v0x63af6267e770_0, 0;
T_6.2 ;
    %load/vec4 v0x63af6267e910_0;
    %pushi/vec4 4, 0, 3;
    %cmp/e;
    %flag_get/vec4 4;
    %load/vec4 v0x63af6267df60_0;
    %and;
    %load/vec4 v0x63af6267e320_0;
    %pushi/vec4 0, 0, 1;
    %cmp/e;
    %flag_get/vec4 4;
    %and;
    %flag_set/vec4 8;
    %jmp/0xz  T_6.4, 8;
    %load/vec4 v0x63af6267e770_0;
    %parti/s 2, 0, 2;
    %assign/vec4 v0x63af6267dc40_0, 0;
T_6.4 ;
T_6.1 ;
    %jmp T_6;
    .thread T_6;
    .scope S_0x63af62612420;
T_7 ;
    %wait E_0x63af6262f620;
    %load/vec4 v0x63af6267daa0_0;
    %flag_set/vec4 8;
    %jmp/0xz  T_7.0, 8;
    %pushi/vec4 5, 0, 8;
    %assign/vec4 v0x63af6267eab0_0, 0;
    %pushi/vec4 160, 0, 8;
    %assign/vec4 v0x63af6267ec70_0, 0;
    %pushi/vec4 0, 0, 8;
    %assign/vec4 v0x63af6267d820_0, 0;
    %jmp T_7.1;
T_7.0 ;
    %load/vec4 v0x63af6267ee30_0;
    %flag_set/vec4 8;
    %jmp/0xz  T_7.2, 8;
    %load/vec4 v0x63af6267dc40_0;
    %dup/vec4;
    %pushi/vec4 0, 0, 2;
    %cmp/u;
    %jmp/1 T_7.4, 6;
    %dup/vec4;
    %pushi/vec4 1, 0, 2;
    %cmp/u;
    %jmp/1 T_7.5, 6;
    %dup/vec4;
    %pushi/vec4 2, 0, 2;
    %cmp/u;
    %jmp/1 T_7.6, 6;
    %jmp T_7.8;
T_7.4 ;
    %load/vec4 v0x63af6267db60_0;
    %assign/vec4 v0x63af6267eab0_0, 0;
    %jmp T_7.8;
T_7.5 ;
    %load/vec4 v0x63af6267db60_0;
    %assign/vec4 v0x63af6267ec70_0, 0;
    %jmp T_7.8;
T_7.6 ;
    %load/vec4 v0x63af6267db60_0;
    %assign/vec4 v0x63af6267d820_0, 0;
    %jmp T_7.8;
T_7.8 ;
    %pop/vec4 1;
T_7.2 ;
T_7.1 ;
    %jmp T_7;
    .thread T_7;
    .scope S_0x63af62680430;
T_8 ;
    %wait E_0x63af6262f620;
    %load/vec4 v0x63af62680a50_0;
    %flag_set/vec4 8;
    %jmp/0xz  T_8.0, 8;
    %pushi/vec4 0, 0, 8;
    %assign/vec4 v0x63af62680d20_0, 0;
    %jmp T_8.1;
T_8.0 ;
    %load/vec4 v0x63af62680af0_0;
    %flag_set/vec4 8;
    %load/vec4 v0x63af626808a0_0;
    %flag_set/vec4 9;
    %flag_or 9, 8;
    %jmp/0xz  T_8.2, 9;
    %pushi/vec4 0, 0, 8;
    %assign/vec4 v0x63af62680d20_0, 0;
    %jmp T_8.3;
T_8.2 ;
    %load/vec4 v0x63af62680d20_0;
    %addi 1, 0, 8;
    %assign/vec4 v0x63af62680d20_0, 0;
T_8.3 ;
T_8.1 ;
    %jmp T_8;
    .thread T_8;
    .scope S_0x63af6267f010;
T_9 ;
    %wait E_0x63af6262f620;
    %load/vec4 v0x63af6267f800_0;
    %flag_set/vec4 8;
    %jmp/0xz  T_9.0, 8;
    %pushi/vec4 0, 0, 8;
    %assign/vec4 v0x63af6267f720_0, 0;
    %jmp T_9.1;
T_9.0 ;
    %load/vec4 v0x63af6267fa00_0;
    %flag_set/vec4 8;
    %load/vec4 v0x63af6267f4b0_0;
    %flag_set/vec4 9;
    %flag_or 9, 8;
    %jmp/0xz  T_9.2, 9;
    %pushi/vec4 0, 0, 8;
    %assign/vec4 v0x63af6267f720_0, 0;
    %jmp T_9.3;
T_9.2 ;
    %load/vec4 v0x63af6267f8a0_0;
    %flag_set/vec4 8;
    %jmp/0xz  T_9.4, 8;
    %load/vec4 v0x63af6267f720_0;
    %addi 1, 0, 8;
    %assign/vec4 v0x63af6267f720_0, 0;
T_9.4 ;
T_9.3 ;
T_9.1 ;
    %jmp T_9;
    .thread T_9;
    .scope S_0x63af62658c60;
T_10 ;
    %delay 5000, 0;
    %load/vec4 v0x63af62682490_0;
    %inv;
    %store/vec4 v0x63af62682490_0, 0, 1;
    %jmp T_10;
    .thread T_10;
    .scope S_0x63af62658c60;
T_11 ;
    %vpi_call 2 84 "$dumpfile", "tb/vcd_file/tb_top.vcd" {0 0 0};
    %vpi_call 2 85 "$dumpvars", 32'sb00000000000000000000000000000000, S_0x63af62658c60 {0 0 0};
    %pushi/vec4 0, 0, 1;
    %store/vec4 v0x63af62682490_0, 0, 1;
    %pushi/vec4 1, 0, 1;
    %store/vec4 v0x63af62682660_0, 0, 1;
    %pushi/vec4 0, 0, 1;
    %store/vec4 v0x63af62682b10_0, 0, 1;
    %pushi/vec4 1, 0, 1;
    %store/vec4 v0x63af62682700_0, 0, 1;
    %pushi/vec4 1, 0, 1;
    %store/vec4 v0x63af626827f0_0, 0, 1;
    %delay 100000, 0;
    %pushi/vec4 0, 0, 1;
    %store/vec4 v0x63af62682660_0, 0, 1;
    %delay 100000, 0;
    %vpi_call 2 92 "$display", "\012=== Start ===\012" {0 0 0};
    %pushi/vec4 0, 0, 8;
    %store/vec4 v0x63af626821d0_0, 0, 8;
    %pushi/vec4 3, 0, 8;
    %store/vec4 v0x63af626820f0_0, 0, 8;
    %fork TD_tb_top.i2c_write_reg, S_0x63af62681f10;
    %join;
    %delay 200000, 0;
    %pushi/vec4 1, 0, 8;
    %store/vec4 v0x63af626821d0_0, 0, 8;
    %pushi/vec4 20, 0, 8;
    %store/vec4 v0x63af626820f0_0, 0, 8;
    %fork TD_tb_top.i2c_write_reg, S_0x63af62681f10;
    %join;
    %delay 200000, 0;
    %vpi_call 2 102 "$display", "\012=== Scenario 1: Test Threshold (Target: 3) ===" {0 0 0};
    %vpi_call 2 103 "$display", "[%0t ns] Send pulse 1", $time {0 0 0};
    %fork TD_tb_top.send_external_pulse, S_0x63af626822b0;
    %join;
    %vpi_call 2 106 "$display", "[%0t ns] Send pulse 2", $time {0 0 0};
    %fork TD_tb_top.send_external_pulse, S_0x63af626822b0;
    %join;
    %vpi_call 2 109 "$display", "[%0t ns] Send pulse 3 (trigger!)", $time {0 0 0};
    %fork TD_tb_top.send_external_pulse, S_0x63af626822b0;
    %join;
    %delay 5000, 0;
    %load/vec4 v0x63af62682c00_0;
    %flag_set/vec4 8;
    %jmp/0xz  T_11.0, 8;
    %vpi_call 2 113 "$display", "SUCCESS: trigger_out turned on!" {0 0 0};
    %jmp T_11.1;
T_11.0 ;
    %vpi_call 2 114 "$display", "FAILED: trigger_out did not turn on!" {0 0 0};
T_11.1 ;
    %delay 50000, 0;
    %vpi_call 2 118 "$display", "\012=== Scenario 2: Test Timeout (Batas: 20 cycles = 200ns) ===" {0 0 0};
    %vpi_call 2 119 "$display", "[%0t ns] Send 1 new pulse", $time {0 0 0};
    %fork TD_tb_top.send_external_pulse, S_0x63af626822b0;
    %join;
    %vpi_call 2 121 "$display", "[%0t ns] Current value of count_reg: %d", $time, v0x63af62682550_0 {0 0 0};
    %vpi_call 2 123 "$display", "[%0t ns] Waiting for 300ns (Exceeding Timeout)...", $time {0 0 0};
    %delay 300000, 0;
    %load/vec4 v0x63af62682550_0;
    %cmpi/e 0, 0, 8;
    %jmp/0xz  T_11.2, 4;
    %vpi_call 2 126 "$display", "SUCCESS: count_reg successfully reset by Timeout!" {0 0 0};
    %jmp T_11.3;
T_11.2 ;
    %vpi_call 2 127 "$display", "FAILED: count_reg failed to reset! Current value: %d", v0x63af62682550_0 {0 0 0};
T_11.3 ;
    %vpi_call 2 130 "$display", "\012=== SIMULASI SELESAI ===" {0 0 0};
    %delay 100000, 0;
    %vpi_call 2 132 "$finish" {0 0 0};
    %end;
    .thread T_11;
# The file index is used to find the file name in the following table.
:file_names 8;
    "N/A";
    "<interactive>";
    "tb/tb_top.v";
    "top.v";
    "i2c_slave_config.v";
    "main_event_counter.v";
    "pulse_generator.v";
    "timeout_counter.v";
